Archive member included to satisfy reference by file (symbol)

c:/st/stm32cubeide_1.10.0/stm32cubeide/plugins/com.st.stm32cube.ide.mcu.externaltools.gnu-tools-for-stm32.10.3-2021.10.win32_1.0.200.202301161003/tools/bin/../lib/gcc/arm-none-eabi/10.3.1/../../../../arm-none-eabi/lib/thumb/v7e-m+dp/hard\libc_nano.a(lib_a-errno.o)
                              ./Core/Src/syscalls.o (__errno)
c:/st/stm32cubeide_1.10.0/stm32cubeide/plugins/com.st.stm32cube.ide.mcu.externaltools.gnu-tools-for-stm32.10.3-2021.10.win32_1.0.200.202301161003/tools/bin/../lib/gcc/arm-none-eabi/10.3.1/../../../../arm-none-eabi/lib/thumb/v7e-m+dp/hard\libc_nano.a(lib_a-exit.o)
                              c:/st/stm32cubeide_1.10.0/stm32cubeide/plugins/com.st.stm32cube.ide.mcu.externaltools.gnu-tools-for-stm32.10.3-2021.10.win32_1.0.200.202301161003/tools/bin/../lib/gcc/arm-none-eabi/10.3.1/../../../../arm-none-eabi/lib/thumb/v7e-m+dp/hard/crt0.o (exit)
c:/st/stm32cubeide_1.10.0/stm32cubeide/plugins/com.st.stm32cube.ide.mcu.externaltools.gnu-tools-for-stm32.10.3-2021.10.win32_1.0.200.202301161003/tools/bin/../lib/gcc/arm-none-eabi/10.3.1/../../../../arm-none-eabi/lib/thumb/v7e-m+dp/hard\libc_nano.a(lib_a-impure.o)
                              c:/st/stm32cubeide_1.10.0/stm32cubeide/plugins/com.st.stm32cube.ide.mcu.externaltools.gnu-tools-for-stm32.10.3-2021.10.win32_1.0.200.202301161003/tools/bin/../lib/gcc/arm-none-eabi/10.3.1/../../../../arm-none-eabi/lib/thumb/v7e-m+dp/hard\libc_nano.a(lib_a-exit.o) (_global_impure_ptr)
c:/st/stm32cubeide_1.10.0/stm32cubeide/plugins/com.st.stm32cube.ide.mcu.externaltools.gnu-tools-for-stm32.10.3-2021.10.win32_1.0.200.202301161003/tools/bin/../lib/gcc/arm-none-eabi/10.3.1/../../../../arm-none-eabi/lib/thumb/v7e-m+dp/hard\libc_nano.a(lib_a-init.o)
                              c:/st/stm32cubeide_1.10.0/stm32cubeide/plugins/com.st.stm32cube.ide.mcu.externaltools.gnu-tools-for-stm32.10.3-2021.10.win32_1.0.200.202301161003/tools/bin/../lib/gcc/arm-none-eabi/10.3.1/../../../../arm-none-eabi/lib/thumb/v7e-m+dp/hard/crt0.o (__libc_init_array)
c:/st/stm32cubeide_1.10.0/stm32cubeide/plugins/com.st.stm32cube.ide.mcu.externaltools.gnu-tools-for-stm32.10.3-2021.10.win32_1.0.200.202301161003/tools/bin/../lib/gcc/arm-none-eabi/10.3.1/../../../../arm-none-eabi/lib/thumb/v7e-m+dp/hard\libc_nano.a(lib_a-memset.o)
                              c:/st/stm32cubeide_1.10.0/stm32cubeide/plugins/com.st.stm32cube.ide.mcu.externaltools.gnu-tools-for-stm32.10.3-2021.10.win32_1.0.200.202301161003/tools/bin/../lib/gcc/arm-none-eabi/10.3.1/../../../../arm-none-eabi/lib/thumb/v7e-m+dp/hard/crt0.o (memset)
c:/st/stm32cubeide_1.10.0/stm32cubeide/plugins/com.st.stm32cube.ide.mcu.externaltools.gnu-tools-for-stm32.10.3-2021.10.win32_1.0.200.202301161003/tools/bin/../lib/gcc/arm-none-eabi/10.3.1/../../../../arm-none-eabi/lib/thumb/v7e-m+dp/hard\libc_nano.a(lib_a-printf.o)
                              ./Core/Src/EPD_2in9.o (printf)
c:/st/stm32cubeide_1.10.0/stm32cubeide/plugins/com.st.stm32cube.ide.mcu.externaltools.gnu-tools-for-stm32.10.3-2021.10.win32_1.0.200.202301161003/tools/bin/../lib/gcc/arm-none-eabi/10.3.1/../../../../arm-none-eabi/lib/thumb/v7e-m+dp/hard\libc_nano.a(lib_a-puts.o)
                              ./Core/Src/EPD_2in9.o (puts)
c:/st/stm32cubeide_1.10.0/stm32cubeide/plugins/com.st.stm32cube.ide.mcu.externaltools.gnu-tools-for-stm32.10.3-2021.10.win32_1.0.200.202301161003/tools/bin/../lib/gcc/arm-none-eabi/10.3.1/../../../../arm-none-eabi/lib/thumb/v7e-m+dp/hard\libc_nano.a(lib_a-wbuf.o)
                              c:/st/stm32cubeide_1.10.0/stm32cubeide/plugins/com.st.stm32cube.ide.mcu.externaltools.gnu-tools-for-stm32.10.3-2021.10.win32_1.0.200.202301161003/tools/bin/../lib/gcc/arm-none-eabi/10.3.1/../../../../arm-none-eabi/lib/thumb/v7e-m+dp/hard\libc_nano.a(lib_a-puts.o) (__swbuf_r)
c:/st/stm32cubeide_1.10.0/stm32cubeide/plugins/com.st.stm32cube.ide.mcu.externaltools.gnu-tools-for-stm32.10.3-2021.10.win32_1.0.200.202301161003/tools/bin/../lib/gcc/arm-none-eabi/10.3.1/../../../../arm-none-eabi/lib/thumb/v7e-m+dp/hard\libc_nano.a(lib_a-wsetup.o)
                              c:/st/stm32cubeide_1.10.0/stm32cubeide/plugins/com.st.stm32cube.ide.mcu.externaltools.gnu-tools-for-stm32.10.3-2021.10.win32_1.0.200.202301161003/tools/bin/../lib/gcc/arm-none-eabi/10.3.1/../../../../arm-none-eabi/lib/thumb/v7e-m+dp/hard\libc_nano.a(lib_a-puts.o) (__swsetup_r)
c:/st/stm32cubeide_1.10.0/stm32cubeide/plugins/com.st.stm32cube.ide.mcu.externaltools.gnu-tools-for-stm32.10.3-2021.10.win32_1.0.200.202301161003/tools/bin/../lib/gcc/arm-none-eabi/10.3.1/../../../../arm-none-eabi/lib/thumb/v7e-m+dp/hard\libc_nano.a(lib_a-fflush.o)
                              c:/st/stm32cubeide_1.10.0/stm32cubeide/plugins/com.st.stm32cube.ide.mcu.externaltools.gnu-tools-for-stm32.10.3-2021.10.win32_1.0.200.202301161003/tools/bin/../lib/gcc/arm-none-eabi/10.3.1/../../../../arm-none-eabi/lib/thumb/v7e-m+dp/hard\libc_nano.a(lib_a-wbuf.o) (_fflush_r)
[...]
Memory Configuration

Name             Origin             Length             Attributes
FLASH            0x0000000008000000 0x0000000000200000 xr
DTCMRAM          0x0000000020000000 0x0000000000020000 xrw
RAM_D1           0x0000000024000000 0x0000000000080000 xrw
RAM_D2           0x0000000030000000 0x0000000000048000 xrw
RAM_D3           0x0000000038000000 0x0000000000010000 xrw
ITCMRAM          0x0000000000000000 0x0000000000010000 xrw
*default*        0x0000000000000000 0xffffffffffffffff

Linker script and memory map

LOAD c:/st/stm32cubeide_1.10.0/stm32cubeide/plugins/com.st.stm32cube.ide.mcu.externaltools.gnu-tools-for-stm32.10.3-2021.10.win32_1.0.200.202301161003/tools/bin/../lib/gcc/arm-none-eabi/10.3.1/thumb/v7e-m+dp/hard/crti.o
LOAD c:/st/stm32cubeide_1.10.0/stm32cubeide/plugins/com.st.stm32cube.ide.mcu.externaltools.gnu-tools-for-stm32.10.3-2021.10.win32_1.0.200.202301161003/tools/bin/../lib/gcc/arm-none-eabi/10.3.1/thumb/v7e-m+dp/hard/crtbegin.o
LOAD c:/st/stm32cubeide_1.10.0/stm32cubeide/plugins/com.st.stm32cube.ide.mcu.externaltools.gnu-tools-for-stm32.10.3-2021.10.win32_1.0.200.202301161003/tools/bin/../lib/gcc/arm-none-eabi/10.3.1/../../../../arm-none-eabi/lib/thumb/v7e-m+dp/hard/crt0.o
LOAD ./Core/Src/DEV_Config.o
LOAD ./Core/Src/EPD_2in9.o
LOAD ./Core/Src/EPD_2in9_1_test.o
LOAD ./Core/Src/EPD_2in9_test.o
LOAD ./Core/Src/GUI_Paint.o
LOAD ./Core/Src/ImageData.o
LOAD ./Core/Src/ImageData2.o
LOAD ./Core/Src/ImageData_1.o
LOAD ./Core/Src/font12.o
LOAD ./Core/Src/font12CN.o
LOAD ./Core/Src/font16.o
LOAD ./Core/Src/font20.o
LOAD ./Core/Src/font24.o
LOAD ./Core/Src/font24CN.o
LOAD ./Core/Src/font8.o
LOAD ./Core/Src/gpio.o
LOAD ./Core/Src/main.o
LOAD ./Core/Src/spi.o
LOAD ./Core/Src/stm32h7xx_hal_msp.o
LOAD ./Core/Src/stm32h7xx_it.o
LOAD ./Core/Src/syscalls.o
LOAD ./Core/Src/sysmem.o
LOAD ./Core/Src/system_stm32h7xx.o
LOAD ./Core/Startup/startup_stm32h743zitx.o
LOAD ./Drivers/STM32H7xx_HAL_Driver/Src/stm32h7xx_hal.o
LOAD ./Drivers/STM32H7xx_HAL_Driver/Src/stm32h7xx_hal_cortex.o
LOAD ./Drivers/STM32H7xx_HAL_Driver/Src/stm32h7xx_hal_dma.o
LOAD ./Drivers/STM32H7xx_HAL_Driver/Src/stm32h7xx_hal_dma_ex.o
LOAD ./Drivers/STM32H7xx_HAL_Driver/Src/stm32h7xx_hal_exti.o
LOAD ./Drivers/STM32H7xx_HAL_Driver/Src/stm32h7xx_hal_flash.o
LOAD ./Drivers/STM32H7xx_HAL_Driver/Src/stm32h7xx_hal_flash_ex.o
LOAD ./Drivers/STM32H7xx_HAL_Driver/Src/stm32h7xx_hal_gpio.o
LOAD ./Drivers/STM32H7xx_HAL_Driver/Src/stm32h7xx_hal_hsem.o
LOAD ./Drivers/STM32H7xx_HAL_Driver/Src/stm32h7xx_hal_i2c.o
LOAD ./Drivers/STM32H7xx_HAL_Driver/Src/stm32h7xx_hal_i2c_ex.o
LOAD ./Drivers/STM32H7xx_HAL_Driver/Src/stm32h7xx_hal_mdma.o
LOAD ./Drivers/STM32H7xx_HAL_Driver/Src/stm32h7xx_hal_pwr.o
LOAD ./Drivers/STM32H7xx_HAL_Driver/Src/stm32h7xx_hal_pwr_ex.o
LOAD ./Drivers/STM32H7xx_HAL_Driver/Src/stm32h7xx_hal_rcc.o
LOAD ./Drivers/STM32H7xx_HAL_Driver/Src/stm32h7xx_hal_rcc_ex.o
LOAD ./Drivers/STM32H7xx_HAL_Driver/Src/stm32h7xx_hal_spi.o
LOAD ./Drivers/STM32H7xx_HAL_Driver/Src/stm32h7xx_hal_spi_ex.o
LOAD ./Drivers/STM32H7xx_HAL_Driver/Src/stm32h7xx_hal_tim.o
LOAD ./Drivers/STM32H7xx_HAL_Driver/Src/stm32h7xx_hal_tim_ex.o
START GROUP
LOAD c:/st/stm32cubeide_1.10.0/stm32cubeide/plugins/com.st.stm32cube.ide.mcu.externaltools.gnu-tools-for-stm32.10.3-2021.10.win32_1.0.200.202301161003/tools/bin/../lib/gcc/arm-none-eabi/10.3.1/../../../../arm-none-eabi/lib/thumb/v7e-m+dp/hard\libc_nano.a
LOAD c:/st/stm32cubeide_1.10.0/stm32cubeide/plugins/com.st.stm32cube.ide.mcu.externaltools.gnu-tools-for-stm32.10.3-2021.10.win32_1.0.200.202301161003/tools/bin/../lib/gcc/arm-none-eabi/10.3.1/../../../../arm-none-eabi/lib/thumb/v7e-m+dp/hard\libm.a
END GROUP
START GROUP
LOAD c:/st/stm32cubeide_1.10.0/stm32cubeide/plugins/com.st.stm32cube.ide.mcu.externaltools.gnu-tools-for-stm32.10.3-2021.10.win32_1.0.200.202301161003/tools/bin/../lib/gcc/arm-none-eabi/10.3.1/thumb/v7e-m+dp/hard\libgcc.a
LOAD c:/st/stm32cubeide_1.10.0/stm32cubeide/plugins/com.st.stm32cube.ide.mcu.externaltools.gnu-tools-for-stm32.10.3-2021.10.win32_1.0.200.202301161003/tools/bin/../lib/gcc/arm-none-eabi/10.3.1/../../../../arm-none-eabi/lib/thumb/v7e-m+dp/hard\libc_nano.a
END GROUP
START GROUP
LOAD c:/st/stm32cubeide_1.10.0/stm32cubeide/plugins/com.st.stm32cube.ide.mcu.externaltools.gnu-tools-for-stm32.10.3-2021.10.win32_1.0.200.202301161003/tools/bin/../lib/gcc/arm-none-eabi/10.3.1/thumb/v7e-m+dp/hard\libgcc.a
LOAD c:/st/stm32cubeide_1.10.0/stm32cubeide/plugins/com.st.stm32cube.ide.mcu.externaltools.gnu-tools-for-stm32.10.3-2021.10.win32_1.0.200.202301161003/tools/bin/../lib/gcc/arm-none-eabi/10.3.1/../../../../arm-none-eabi/lib/thumb/v7e-m+dp/hard\libc_nano.a
LOAD c:/st/stm32cubeide_1.10.0/stm32cubeide/plugins/com.st.stm32cube.ide.mcu.externaltools.gnu-tools-for-stm32.10.3-2021.10.win32_1.0.200.202301161003/tools/bin/../lib/gcc/arm-none-eabi/10.3.1/../../../../arm-none-eabi/lib/thumb/v7e-m+dp/hard\libnosys.a
END GROUP
START GROUP
LOAD c:/st/stm32cubeide_1.10.0/stm32cubeide/plugins/com.st.stm32cube.ide.mcu.externaltools.gnu-tools-for-stm32.10.3-2021.10.win32_1.0.200.202301161003/tools/bin/../lib/gcc/arm-none-eabi/10.3.1/thumb/v7e-m+dp/hard\libgcc.a
LOAD c:/st/stm32cubeide_1.10.0/stm32cubeide/plugins/com.st.stm32cube.ide.mcu.externaltools.gnu-tools-for-stm32.10.3-2021.10.win32_1.0.200.202301161003/tools/bin/../lib/gcc/arm-none-eabi/10.3.1/../../../../arm-none-eabi/lib/thumb/v7e-m+dp/hard\libc_nano.a
LOAD c:/st/stm32cubeide_1.10.0/stm32cubeide/plugins/com.st.stm32cube.ide.mcu.externaltools.gnu-tools-for-stm32.10.3-2021.10.win32_1.0.200.202301161003/tools/bin/../lib/gcc/arm-none-eabi/10.3.1/../../../../arm-none-eabi/lib/thumb/v7e-m+dp/hard\libnosys.a
END GROUP
LOAD c:/st/stm32cubeide_1.10.0/stm32cubeide/plugins/com.st.stm32cube.ide.mcu.externaltools.gnu-tools-for-stm32.10.3-2021.10.win32_1.0.200.202301161003/tools/bin/../lib/gcc/arm-none-eabi/10.3.1/thumb/v7e-m+dp/hard/crtend.o
LOAD c:/st/stm32cubeide_1.10.0/stm32cubeide/plugins/com.st.stm32cube.ide.mcu.externaltools.gnu-tools-for-stm32.10.3-2021.10.win32_1.0.200.202301161003/tools/bin/../lib/gcc/arm-none-eabi/10.3.1/thumb/v7e-m+dp/hard/crtn.o
                0x0000000024080000                _estack = (ORIGIN (RAM_D1) + LENGTH (RAM_D1))
                0x0000000000000200                _Min_Heap_Size = 0x200
                0x0000000000000400                _Min_Stack_Size = 0x400

.isr_vector     0x0000000008000000      0x298
                0x0000000008000000                . = ALIGN (0x4)
 *(.isr_vector)
 .isr_vector    0x0000000008000000      0x298 ./Core/Startup/startup_stm32h743zitx.o
                0x0000000008000000                g_pfnVectors
                0x0000000008000298                . = ALIGN (0x4)

.text           0x00000000080002a0     0x535c
                0x00000000080002a0                . = ALIGN (0x4)
 *(.text)
 .text          0x00000000080002a0       0x40 c:/st/stm32cubeide_1.10.0/stm32cubeide/plugins/com.st.stm32cube.ide.mcu.externaltools.gnu-tools-for-stm32.10.3-2021.10.win32_1.0.200.202301161003/tools/bin/../lib/gcc/arm-none-eabi/10.3.1/thumb/v7e-m+dp/hard/crtbegin.o
 .text          0x00000000080002e0       0xa0 c:/st/stm32cubeide_1.10.0/stm32cubeide/plugins/com.st.stm32cube.ide.mcu.externaltools.gnu-tools-for-stm32.10.3-2021.10.win32_1.0.200.202301161003/tools/bin/../lib/gcc/arm-none-eabi/10.3.1/../../../../arm-none-eabi/lib/thumb/v7e-m+dp/hard\libc_nano.a(lib_a-memchr.o)
                0x00000000080002e0                memchr
 *(.text*)
 .text.DEV_SPI_WriteByte
                0x0000000008000380       0x30 ./Core/Src/DEV_Config.o
                0x0000000008000380                DEV_SPI_WriteByte
 .text.EPD_2IN9_Reset
                0x00000000080003b0       0x3c ./Core/Src/EPD_2in9.o
 .text.EPD_2IN9_SendCommand
                0x00000000080003ec       0x3c ./Core/Src/EPD_2in9.o
 .text.EPD_2IN9_SendData
                0x0000000008000428       0x3c ./Core/Src/EPD_2in9.o
 .text.EPD_2IN9_ReadBusy
                0x0000000008000464       0x38 ./Core/Src/EPD_2in9.o
                0x0000000008000464                EPD_2IN9_ReadBusy
 .text.EPD_2IN9_SetWindows
                0x000000000800049c       0x7e ./Core/Src/EPD_2in9.o
 .text.EPD_2IN9_SetCursor
                0x000000000800051a       0x4a ./Core/Src/EPD_2in9.o
 .text.EPD_2IN9_TurnOnDisplay
                0x0000000008000564       0x24 ./Core/Src/EPD_2in9.o
 .text.EPD_2IN9_Init
                0x0000000008000588       0xe8 ./Core/Src/EPD_2in9.o
                0x0000000008000588                EPD_2IN9_Init
 .text.EPD_2IN9_Clear
                0x0000000008000670       0x68 ./Core/Src/EPD_2in9.o
                0x0000000008000670                EPD_2IN9_Clear
 .text.EPD_2IN9_Display
                0x00000000080006d8       0x84 ./Core/Src/EPD_2in9.o
                0x00000000080006d8                EPD_2IN9_Display
 .text.EPD_2in9_test
                0x000000000800075c       0x24 ./Core/Src/EPD_2in9_1_test.o
                0x000000000800075c                EPD_2in9_test
 .text.changeImageTo
                0x0000000008000780       0x3c ./Core/Src/EPD_2in9_1_test.o
                0x0000000008000780                changeImageTo
 .text.MX_GPIO_Init
                0x00000000080007bc      0x13c ./Core/Src/gpio.o
                0x00000000080007bc                MX_GPIO_Init
 .text.HAL_GPIO_EXTI_Callback
                0x00000000080008f8       0x28 ./Core/Src/main.o
                0x00000000080008f8                HAL_GPIO_EXTI_Callback
 .text.main     0x0000000008000920       0x50 ./Core/Src/main.o
                0x0000000008000920                main
 .text.SystemClock_Config
                0x0000000008000970       0xfc ./Core/Src/main.o
                0x0000000008000970                SystemClock_Config
 .text.Error_Handler
                0x0000000008000a6c        0xa ./Core/Src/main.o
                0x0000000008000a6c                Error_Handler
 *fill*         0x0000000008000a76        0x2 
 .text.MX_SPI3_Init
                0x0000000008000a78       0xb0 ./Core/Src/spi.o
                0x0000000008000a78                MX_SPI3_Init
 .text.HAL_SPI_MspInit
                0x0000000008000b28       0xf8 ./Core/Src/spi.o
                0x0000000008000b28                HAL_SPI_MspInit
 .text.HAL_MspInit
                0x0000000008000c20       0x34 ./Core/Src/stm32h7xx_hal_msp.o
                0x0000000008000c20                HAL_MspInit
 .text.NMI_Handler
                0x0000000008000c54        0x6 ./Core/Src/stm32h7xx_it.o
                0x0000000008000c54                NMI_Handler
 .text.HardFault_Handler
                0x0000000008000c5a        0x6 ./Core/Src/stm32h7xx_it.o
                0x0000000008000c5a                HardFault_Handler
 .text.MemManage_Handler
                0x0000000008000c60        0x6 ./Core/Src/stm32h7xx_it.o
                0x0000000008000c60                MemManage_Handler
 .text.BusFault_Handler
                0x0000000008000c66        0x6 ./Core/Src/stm32h7xx_it.o
                0x0000000008000c66                BusFault_Handler
 .text.UsageFault_Handler
                0x0000000008000c6c        0x6 ./Core/Src/stm32h7xx_it.o
                0x0000000008000c6c                UsageFault_Handler
 .text.SVC_Handler
                0x0000000008000c72        0xe ./Core/Src/stm32h7xx_it.o
                0x0000000008000c72                SVC_Handler
 .text.DebugMon_Handler
                0x0000000008000c80        0xe ./Core/Src/stm32h7xx_it.o
                0x0000000008000c80                DebugMon_Handler
 .text.PendSV_Handler
                0x0000000008000c8e        0xe ./Core/Src/stm32h7xx_it.o
                0x0000000008000c8e                PendSV_Handler
 .text.SysTick_Handler
                0x0000000008000c9c        0xc ./Core/Src/stm32h7xx_it.o
                0x0000000008000c9c                SysTick_Handler
 .text.EXTI15_10_IRQHandler
                0x0000000008000ca8       0x10 ./Core/Src/stm32h7xx_it.o
                0x0000000008000ca8                EXTI15_10_IRQHandler
 .text._read    0x0000000008000cb8       0x3a ./Core/Src/syscalls.o
                0x0000000008000cb8                _read
 .text._write   0x0000000008000cf2       0x38 ./Core/Src/syscalls.o
                0x0000000008000cf2                _write
 .text._close   0x0000000008000d2a       0x18 ./Core/Src/syscalls.o
                0x0000000008000d2a                _close
 .text._fstat   0x0000000008000d42       0x20 ./Core/Src/syscalls.o
                0x0000000008000d42                _fstat
 .text._isatty  0x0000000008000d62       0x16 ./Core/Src/syscalls.o
                0x0000000008000d62                _isatty
 .text._lseek   0x0000000008000d78       0x1a ./Core/Src/syscalls.o
                0x0000000008000d78                _lseek
 *fill*         0x0000000008000d92        0x2 
 .text._sbrk    0x0000000008000d94       0x6c ./Core/Src/sysmem.o
                0x0000000008000d94                _sbrk
 .text.SystemInit
                0x0000000008000e00      0x110 ./Core/Src/system_stm32h7xx.o
                0x0000000008000e00                SystemInit
 .text.Reset_Handler
                0x0000000008000f10       0x50 ./Core/Startup/startup_stm32h743zitx.o
                0x0000000008000f10                Reset_Handler
 .text.Default_Handler
                0x0000000008000f60        0x2 ./Core/Startup/startup_stm32h743zitx.o
                0x0000000008000f60                RTC_Alarm_IRQHandler
                0x0000000008000f60                EXTI2_IRQHandler
                0x0000000008000f60                TIM8_CC_IRQHandler
                0x0000000008000f60                HRTIM1_Master_IRQHandler
                0x0000000008000f60                UART8_IRQHandler
                0x0000000008000f60                SPI4_IRQHandler
                0x0000000008000f60                TIM1_CC_IRQHandler
                0x0000000008000f60                BDMA_Channel6_IRQHandler
                0x0000000008000f60                DMA2_Stream5_IRQHandler
                0x0000000008000f60                HRTIM1_FLT_IRQHandler
                0x0000000008000f60                JPEG_IRQHandler
                0x0000000008000f60                DMA1_Stream5_IRQHandler
                0x0000000008000f60                BDMA_Channel1_IRQHandler
                0x0000000008000f60                HRTIM1_TIMD_IRQHandler
                0x0000000008000f60                TAMP_STAMP_IRQHandler
                0x0000000008000f60                EXTI3_IRQHandler
                0x0000000008000f60                LPTIM4_IRQHandler
                0x0000000008000f60                TIM8_TRG_COM_TIM14_IRQHandler
                0x0000000008000f60                LPTIM2_IRQHandler
                0x0000000008000f60                DFSDM1_FLT1_IRQHandler
                0x0000000008000f60                DMAMUX2_OVR_IRQHandler
                0x0000000008000f60                TIM8_UP_TIM13_IRQHandler
                0x0000000008000f60                I2C3_ER_IRQHandler
                0x0000000008000f60                DFSDM1_FLT2_IRQHandler
                0x0000000008000f60                MDMA_IRQHandler
                0x0000000008000f60                LPTIM3_IRQHandler
                0x0000000008000f60                HSEM1_IRQHandler
                0x0000000008000f60                EXTI0_IRQHandler
                0x0000000008000f60                I2C2_EV_IRQHandler
                0x0000000008000f60                DMA1_Stream2_IRQHandler
                0x0000000008000f60                FPU_IRQHandler
                0x0000000008000f60                OTG_HS_WKUP_IRQHandler
                0x0000000008000f60                FDCAN1_IT1_IRQHandler
                0x0000000008000f60                LTDC_ER_IRQHandler
                0x0000000008000f60                DMA2_Stream2_IRQHandler
                0x0000000008000f60                HRTIM1_TIME_IRQHandler
                0x0000000008000f60                SPI1_IRQHandler
                0x0000000008000f60                TIM6_DAC_IRQHandler
                0x0000000008000f60                DCMI_IRQHandler
                0x0000000008000f60                HRTIM1_TIMC_IRQHandler
                0x0000000008000f60                DMA2_Stream3_IRQHandler
                0x0000000008000f60                SAI2_IRQHandler
                0x0000000008000f60                DFSDM1_FLT3_IRQHandler
                0x0000000008000f60                USART6_IRQHandler
                0x0000000008000f60                TIM17_IRQHandler
                0x0000000008000f60                USART3_IRQHandler
                0x0000000008000f60                BDMA_Channel7_IRQHandler
                0x0000000008000f60                LPTIM5_IRQHandler
                0x0000000008000f60                UART5_IRQHandler
                0x0000000008000f60                ADC3_IRQHandler
                0x0000000008000f60                DMA2_Stream0_IRQHandler
                0x0000000008000f60                TIM4_IRQHandler
                0x0000000008000f60                BDMA_Channel2_IRQHandler
                0x0000000008000f60                QUADSPI_IRQHandler
                0x0000000008000f60                I2C1_EV_IRQHandler
                0x0000000008000f60                DMA1_Stream6_IRQHandler
                0x0000000008000f60                DMAMUX1_OVR_IRQHandler
                0x0000000008000f60                DMA1_Stream1_IRQHandler
                0x0000000008000f60                TIM16_IRQHandler
                0x0000000008000f60                UART4_IRQHandler
                0x0000000008000f60                BDMA_Channel5_IRQHandler
                0x0000000008000f60                TIM3_IRQHandler
                0x0000000008000f60                RCC_IRQHandler
                0x0000000008000f60                TIM8_BRK_TIM12_IRQHandler
                0x0000000008000f60                TIM1_TRG_COM_IRQHandler
                0x0000000008000f60                Default_Handler
                0x0000000008000f60                ECC_IRQHandler
                0x0000000008000f60                CEC_IRQHandler
                0x0000000008000f60                BDMA_Channel0_IRQHandler
                0x0000000008000f60                ADC_IRQHandler
                0x0000000008000f60                DMA1_Stream7_IRQHandler
                0x0000000008000f60                HRTIM1_TIMA_IRQHandler
                0x0000000008000f60                SPI5_IRQHandler
                0x0000000008000f60                TIM7_IRQHandler
                0x0000000008000f60                SDMMC1_IRQHandler
                0x0000000008000f60                TIM5_IRQHandler
                0x0000000008000f60                DMA2_Stream7_IRQHandler
                0x0000000008000f60                TIM15_IRQHandler
                0x0000000008000f60                PVD_AVD_IRQHandler
                0x0000000008000f60                I2C3_EV_IRQHandler
                0x0000000008000f60                EXTI9_5_IRQHandler
                0x0000000008000f60                RTC_WKUP_IRQHandler
                0x0000000008000f60                LTDC_IRQHandler
                0x0000000008000f60                SAI3_IRQHandler
                0x0000000008000f60                ETH_WKUP_IRQHandler
                0x0000000008000f60                SPDIF_RX_IRQHandler
                0x0000000008000f60                SPI2_IRQHandler
                0x0000000008000f60                OTG_HS_EP1_IN_IRQHandler
                0x0000000008000f60                DMA1_Stream0_IRQHandler
                0x0000000008000f60                CRS_IRQHandler
                0x0000000008000f60                EXTI4_IRQHandler
                0x0000000008000f60                RNG_IRQHandler
                0x0000000008000f60                HRTIM1_TIMB_IRQHandler
                0x0000000008000f60                FDCAN2_IT1_IRQHandler
                0x0000000008000f60                ETH_IRQHandler
                0x0000000008000f60                TIM1_UP_IRQHandler
                0x0000000008000f60                BDMA_Channel4_IRQHandler
                0x0000000008000f60                OTG_HS_EP1_OUT_IRQHandler
                0x0000000008000f60                WWDG_IRQHandler
                0x0000000008000f60                SPI6_IRQHandler
                0x0000000008000f60                MDIOS_IRQHandler
                0x0000000008000f60                I2C4_EV_IRQHandler
                0x0000000008000f60                FDCAN2_IT0_IRQHandler
                0x0000000008000f60                LPUART1_IRQHandler
                0x0000000008000f60                FDCAN1_IT0_IRQHandler
                0x0000000008000f60                TIM2_IRQHandler
                0x0000000008000f60                OTG_FS_WKUP_IRQHandler
                0x0000000008000f60                OTG_HS_IRQHandler
                0x0000000008000f60                DMA2D_IRQHandler
                0x0000000008000f60                TIM1_BRK_IRQHandler
                0x0000000008000f60                EXTI1_IRQHandler
                0x0000000008000f60                SDMMC2_IRQHandler
                0x0000000008000f60                OTG_FS_EP1_OUT_IRQHandler
                0x0000000008000f60                BDMA_Channel3_IRQHandler
                0x0000000008000f60                UART7_IRQHandler
                0x0000000008000f60                MDIOS_WKUP_IRQHandler
                0x0000000008000f60                USART2_IRQHandler
                0x0000000008000f60                DFSDM1_FLT0_IRQHandler
                0x0000000008000f60                SAI4_IRQHandler
                0x0000000008000f60                I2C2_ER_IRQHandler
                0x0000000008000f60                DMA2_Stream1_IRQHandler
                0x0000000008000f60                FLASH_IRQHandler
                0x0000000008000f60                DMA2_Stream4_IRQHandler
                0x0000000008000f60                USART1_IRQHandler
                0x0000000008000f60                OTG_FS_IRQHandler
                0x0000000008000f60                SPI3_IRQHandler
                0x0000000008000f60                WAKEUP_PIN_IRQHandler
                0x0000000008000f60                DMA1_Stream4_IRQHandler
                0x0000000008000f60                OTG_FS_EP1_IN_IRQHandler
                0x0000000008000f60                I2C1_ER_IRQHandler
                0x0000000008000f60                FMC_IRQHandler
                0x0000000008000f60                FDCAN_CAL_IRQHandler
                0x0000000008000f60                SWPMI1_IRQHandler
                0x0000000008000f60                COMP1_IRQHandler
                0x0000000008000f60                LPTIM1_IRQHandler
                0x0000000008000f60                I2C4_ER_IRQHandler
                0x0000000008000f60                DMA2_Stream6_IRQHandler
                0x0000000008000f60                SAI1_IRQHandler
                0x0000000008000f60                DMA1_Stream3_IRQHandler
 *fill*         0x0000000008000f62        0x2 
 .text.HAL_Init
                0x0000000008000f64       0x78 ./Drivers/STM32H7xx_HAL_Driver/Src/stm32h7xx_hal.o
                0x0000000008000f64                HAL_Init
 .text.HAL_InitTick
                0x0000000008000fdc       0x6c ./Drivers/STM32H7xx_HAL_Driver/Src/stm32h7xx_hal.o
                0x0000000008000fdc                HAL_InitTick
 .text.HAL_IncTick
                0x0000000008001048       0x28 ./Drivers/STM32H7xx_HAL_Driver/Src/stm32h7xx_hal.o
                0x0000000008001048                HAL_IncTick
 .text.HAL_GetTick
                0x0000000008001070       0x18 ./Drivers/STM32H7xx_HAL_Driver/Src/stm32h7xx_hal.o
                0x0000000008001070                HAL_GetTick
 .text.HAL_Delay
                0x0000000008001088       0x48 ./Drivers/STM32H7xx_HAL_Driver/Src/stm32h7xx_hal.o
                0x0000000008001088                HAL_Delay
 .text.HAL_GetREVID
                0x00000000080010d0       0x18 ./Drivers/STM32H7xx_HAL_Driver/Src/stm32h7xx_hal.o
                0x00000000080010d0                HAL_GetREVID
 .text.__NVIC_SetPriorityGrouping
                0x00000000080010e8       0x48 ./Drivers/STM32H7xx_HAL_Driver/Src/stm32h7xx_hal_cortex.o
 .text.__NVIC_GetPriorityGrouping
                0x0000000008001130       0x1c ./Drivers/STM32H7xx_HAL_Driver/Src/stm32h7xx_hal_cortex.o
 .text.__NVIC_EnableIRQ
                0x000000000800114c       0x3c ./Drivers/STM32H7xx_HAL_Driver/Src/stm32h7xx_hal_cortex.o
 .text.__NVIC_SetPriority
                0x0000000008001188       0x54 ./Drivers/STM32H7xx_HAL_Driver/Src/stm32h7xx_hal_cortex.o
 .text.NVIC_EncodePriority
                0x00000000080011dc       0x66 ./Drivers/STM32H7xx_HAL_Driver/Src/stm32h7xx_hal_cortex.o
 *fill*         0x0000000008001242        0x2 
 .text.SysTick_Config
                0x0000000008001244       0x44 ./Drivers/STM32H7xx_HAL_Driver/Src/stm32h7xx_hal_cortex.o
 .text.HAL_NVIC_SetPriorityGrouping
                0x0000000008001288       0x16 ./Drivers/STM32H7xx_HAL_Driver/Src/stm32h7xx_hal_cortex.o
                0x0000000008001288                HAL_NVIC_SetPriorityGrouping
 .text.HAL_NVIC_SetPriority
                0x000000000800129e       0x34 ./Drivers/STM32H7xx_HAL_Driver/Src/stm32h7xx_hal_cortex.o
                0x000000000800129e                HAL_NVIC_SetPriority
 .text.HAL_NVIC_EnableIRQ
                0x00000000080012d2       0x1c ./Drivers/STM32H7xx_HAL_Driver/Src/stm32h7xx_hal_cortex.o
                0x00000000080012d2                HAL_NVIC_EnableIRQ
 .text.HAL_SYSTICK_Config
                0x00000000080012ee       0x18 ./Drivers/STM32H7xx_HAL_Driver/Src/stm32h7xx_hal_cortex.o
                0x00000000080012ee                HAL_SYSTICK_Config
 *fill*         0x0000000008001306        0x2 
 .text.HAL_GPIO_Init
                0x0000000008001308      0x360 ./Drivers/STM32H7xx_HAL_Driver/Src/stm32h7xx_hal_gpio.o
                0x0000000008001308                HAL_GPIO_Init
 .text.HAL_GPIO_ReadPin
                0x0000000008001668       0x30 ./Drivers/STM32H7xx_HAL_Driver/Src/stm32h7xx_hal_gpio.o
                0x0000000008001668                HAL_GPIO_ReadPin
 .text.HAL_GPIO_WritePin
                0x0000000008001698       0x32 ./Drivers/STM32H7xx_HAL_Driver/Src/stm32h7xx_hal_gpio.o
                0x0000000008001698                HAL_GPIO_WritePin
 .text.HAL_GPIO_EXTI_IRQHandler
                0x00000000080016ca       0x34 ./Drivers/STM32H7xx_HAL_Driver/Src/stm32h7xx_hal_gpio.o
                0x00000000080016ca                HAL_GPIO_EXTI_IRQHandler
 *fill*         0x00000000080016fe        0x2 
 .text.HAL_PWREx_ConfigSupply
                0x0000000008001700       0x74 ./Drivers/STM32H7xx_HAL_Driver/Src/stm32h7xx_hal_pwr_ex.o
                0x0000000008001700                HAL_PWREx_ConfigSupply
 .text.HAL_RCC_OscConfig
                0x0000000008001774      0x8b4 ./Drivers/STM32H7xx_HAL_Driver/Src/stm32h7xx_hal_rcc.o
                0x0000000008001774                HAL_RCC_OscConfig
 .text.HAL_RCC_ClockConfig
                0x0000000008002028      0x36c ./Drivers/STM32H7xx_HAL_Driver/Src/stm32h7xx_hal_rcc.o
                0x0000000008002028                HAL_RCC_ClockConfig
 .text.HAL_RCC_GetSysClockFreq
                0x0000000008002394      0x2f4 ./Drivers/STM32H7xx_HAL_Driver/Src/stm32h7xx_hal_rcc.o
                0x0000000008002394                HAL_RCC_GetSysClockFreq
 .text.HAL_RCCEx_PeriphCLKConfig
                0x0000000008002688     0x1414 ./Drivers/STM32H7xx_HAL_Driver/Src/stm32h7xx_hal_rcc_ex.o
                0x0000000008002688                HAL_RCCEx_PeriphCLKConfig
 .text.RCCEx_PLL2_Config
                0x0000000008003a9c      0x164 ./Drivers/STM32H7xx_HAL_Driver/Src/stm32h7xx_hal_rcc_ex.o
 .text.RCCEx_PLL3_Config
                0x0000000008003c00      0x164 ./Drivers/STM32H7xx_HAL_Driver/Src/stm32h7xx_hal_rcc_ex.o
 .text.HAL_SPI_Init
                0x0000000008003d64      0x248 ./Drivers/STM32H7xx_HAL_Driver/Src/stm32h7xx_hal_spi.o
                0x0000000008003d64                HAL_SPI_Init
 .text.HAL_SPI_Transmit
                0x0000000008003fac      0x3f8 ./Drivers/STM32H7xx_HAL_Driver/Src/stm32h7xx_hal_spi.o
                0x0000000008003fac                HAL_SPI_Transmit
 .text.SPI_CloseTransfer
                0x00000000080043a4      0x140 ./Drivers/STM32H7xx_HAL_Driver/Src/stm32h7xx_hal_spi.o
 .text.SPI_WaitOnFlagUntilTimeout
                0x00000000080044e4       0x5c ./Drivers/STM32H7xx_HAL_Driver/Src/stm32h7xx_hal_spi.o
 .text.SPI_GetPacketSize
                0x0000000008004540       0x36 ./Drivers/STM32H7xx_HAL_Driver/Src/stm32h7xx_hal_spi.o
 *fill*         0x0000000008004576        0x2 
 .text.__errno  0x0000000008004578        0xc c:/st/stm32cubeide_1.10.0/stm32cubeide/plugins/com.st.stm32cube.ide.mcu.externaltools.gnu-tools-for-stm32.10.3-2021.10.win32_1.0.200.202301161003/tools/bin/../lib/gcc/arm-none-eabi/10.3.1/../../../../arm-none-eabi/lib/thumb/v7e-m+dp/hard\libc_nano.a(lib_a-errno.o)
                0x0000000008004578                __errno
 .text.__libc_init_array
                0x0000000008004584       0x48 c:/st/stm32cubeide_1.10.0/stm32cubeide/plugins/com.st.stm32cube.ide.mcu.externaltools.gnu-tools-for-stm32.10.3-2021.10.win32_1.0.200.202301161003/tools/bin/../lib/gcc/arm-none-eabi/10.3.1/../../../../arm-none-eabi/lib/thumb/v7e-m+dp/hard\libc_nano.a(lib_a-init.o)
                0x0000000008004584                __libc_init_array
 .text.memset   0x00000000080045cc       0x10 c:/st/stm32cubeide_1.10.0/stm32cubeide/plugins/com.st.stm32cube.ide.mcu.externaltools.gnu-tools-for-stm32.10.3-2021.10.win32_1.0.200.202301161003/tools/bin/../lib/gcc/arm-none-eabi/10.3.1/../../../../arm-none-eabi/lib/thumb/v7e-m+dp/hard\libc_nano.a(lib_a-memset.o)
                0x00000000080045cc                memset
 .text.printf   0x00000000080045dc       0x30 c:/st/stm32cubeide_1.10.0/stm32cubeide/plugins/com.st.stm32cube.ide.mcu.externaltools.gnu-tools-for-stm32.10.3-2021.10.win32_1.0.200.202301161003/tools/bin/../lib/gcc/arm-none-eabi/10.3.1/../../../../arm-none-eabi/lib/thumb/v7e-m+dp/hard\libc_nano.a(lib_a-printf.o)
                0x00000000080045dc                iprintf
                0x00000000080045dc                printf
 .text._puts_r  0x000000000800460c       0xdc c:/st/stm32cubeide_1.10.0/stm32cubeide/plugins/com.st.stm32cube.ide.mcu.externaltools.gnu-tools-for-stm32.10.3-2021.10.win32_1.0.200.202301161003/tools/bin/../lib/gcc/arm-none-eabi/10.3.1/../../../../arm-none-eabi/lib/thumb/v7e-m+dp/hard\libc_nano.a(lib_a-puts.o)
                0x000000000800460c                _puts_r
 .text.puts     0x00000000080046e8       0x10 c:/st/stm32cubeide_1.10.0/stm32cubeide/plugins/com.st.stm32cube.ide.mcu.externaltools.gnu-tools-for-stm32.10.3-2021.10.win32_1.0.200.202301161003/tools/bin/../lib/gcc/arm-none-eabi/10.3.1/../../../../arm-none-eabi/lib/thumb/v7e-m+dp/hard\libc_nano.a(lib_a-puts.o)
                0x00000000080046e8                puts
 .text.__swbuf_r
                0x00000000080046f8       0xa4 c:/st/stm32cubeide_1.10.0/stm32cubeide/plugins/com.st.stm32cube.ide.mcu.externaltools.gnu-tools-for-stm32.10.3-2021.10.win32_1.0.200.202301161003/tools/bin/../lib/gcc/arm-none-eabi/10.3.1/../../../../arm-none-eabi/lib/thumb/v7e-m+dp/hard\libc_nano.a(lib_a-wbuf.o)
                0x00000000080046f8                __swbuf_r
 .text.__swsetup_r
                0x000000000800479c       0xdc c:/st/stm32cubeide_1.10.0/stm32cubeide/plugins/com.st.stm32cube.ide.mcu.externaltools.gnu-tools-for-stm32.10.3-2021.10.win32_1.0.200.202301161003/tools/bin/../lib/gcc/arm-none-eabi/10.3.1/../../../../arm-none-eabi/lib/thumb/v7e-m+dp/hard\libc_nano.a(lib_a-wsetup.o)
                0x000000000800479c                __swsetup_r
 .text.__sflush_r
                0x0000000008004878      0x10c c:/st/stm32cubeide_1.10.0/stm32cubeide/plugins/com.st.stm32cube.ide.mcu.externaltools.gnu-tools-for-stm32.10.3-2021.10.win32_1.0.200.202301161003/tools/bin/../lib/gcc/arm-none-eabi/10.3.1/../../../../arm-none-eabi/lib/thumb/v7e-m+dp/hard\libc_nano.a(lib_a-fflush.o)
                0x0000000008004878                __sflush_r
 .text._fflush_r
                0x0000000008004984       0x78 c:/st/stm32cubeide_1.10.0/stm32cubeide/plugins/com.st.stm32cube.ide.mcu.externaltools.gnu-tools-for-stm32.10.3-2021.10.win32_1.0.200.202301161003/tools/bin/../lib/gcc/arm-none-eabi/10.3.1/../../../../arm-none-eabi/lib/thumb/v7e-m+dp/hard\libc_nano.a(lib_a-fflush.o)
                0x0000000008004984                _fflush_r
 .text.std      0x00000000080049fc       0x48 c:/st/stm32cubeide_1.10.0/stm32cubeide/plugins/com.st.stm32cube.ide.mcu.externaltools.gnu-tools-for-stm32.10.3-2021.10.win32_1.0.200.202301161003/tools/bin/../lib/gcc/arm-none-eabi/10.3.1/../../../../arm-none-eabi/lib/thumb/v7e-m+dp/hard\libc_nano.a(lib_a-findfp.o)
 .text._cleanup_r
                0x0000000008004a44        0xc c:/st/stm32cubeide_1.10.0/stm32cubeide/plugins/com.st.stm32cube.ide.mcu.externaltools.gnu-tools-for-stm32.10.3-2021.10.win32_1.0.200.202301161003/tools/bin/../lib/gcc/arm-none-eabi/10.3.1/../../../../arm-none-eabi/lib/thumb/v7e-m+dp/hard\libc_nano.a(lib_a-findfp.o)
                0x0000000008004a44                _cleanup_r
 .text.__sfmoreglue
                0x0000000008004a50       0x2c c:/st/stm32cubeide_1.10.0/stm32cubeide/plugins/com.st.stm32cube.ide.mcu.externaltools.gnu-tools-for-stm32.10.3-2021.10.win32_1.0.200.202301161003/tools/bin/../lib/gcc/arm-none-eabi/10.3.1/../../../../arm-none-eabi/lib/thumb/v7e-m+dp/hard\libc_nano.a(lib_a-findfp.o)
                0x0000000008004a50                __sfmoreglue
 .text.__sfp_lock_acquire
                0x0000000008004a7c        0xc c:/st/stm32cubeide_1.10.0/stm32cubeide/plugins/com.st.stm32cube.ide.mcu.externaltools.gnu-tools-for-stm32.10.3-2021.10.win32_1.0.200.202301161003/tools/bin/../lib/gcc/arm-none-eabi/10.3.1/../../../../arm-none-eabi/lib/thumb/v7e-m+dp/hard\libc_nano.a(lib_a-findfp.o)
                0x0000000008004a7c                __sfp_lock_acquire
 .text.__sfp_lock_release
                0x0000000008004a88        0xc c:/st/stm32cubeide_1.10.0/stm32cubeide/plugins/com.st.stm32cube.ide.mcu.externaltools.gnu-tools-for-stm32.10.3-2021.10.win32_1.0.200.202301161003/tools/bin/../lib/gcc/arm-none-eabi/10.3.1/../../../../arm-none-eabi/lib/thumb/v7e-m+dp/hard\libc_nano.a(lib_a-findfp.o)
                0x0000000008004a88                __sfp_lock_release
 .text.__sinit_lock_acquire
                0x0000000008004a94        0xc c:/st/stm32cubeide_1.10.0/stm32cubeide/plugins/com.st.stm32cube.ide.mcu.externaltools.gnu-tools-for-stm32.10.3-2021.10.win32_1.0.200.202301161003/tools/bin/../lib/gcc/arm-none-eabi/10.3.1/../../../../arm-none-eabi/lib/thumb/v7e-m+dp/hard\libc_nano.a(lib_a-findfp.o)
                0x0000000008004a94                __sinit_lock_acquire
 .text.__sinit_lock_release
                0x0000000008004aa0        0xc c:/st/stm32cubeide_1.10.0/stm32cubeide/plugins/com.st.stm32cube.ide.mcu.externaltools.gnu-tools-for-stm32.10.3-2021.10.win32_1.0.200.202301161003/tools/bin/../lib/gcc/arm-none-eabi/10.3.1/../../../../arm-none-eabi/lib/thumb/v7e-m+dp/hard\libc_nano.a(lib_a-findfp.o)
                0x0000000008004aa0                __sinit_lock_release
 .text.__sinit  0x0000000008004aac       0x70 c:/st/stm32cubeide_1.10.0/stm32cubeide/plugins/com.st.stm32cube.ide.mcu.externaltools.gnu-tools-for-stm32.10.3-2021.10.win32_1.0.200.202301161003/tools/bin/../lib/gcc/arm-none-eabi/10.3.1/../../../../arm-none-eabi/lib/thumb/v7e-m+dp/hard\libc_nano.a(lib_a-findfp.o)
                0x0000000008004aac                __sinit
 .text.__sfp    0x0000000008004b1c       0x8c c:/st/stm32cubeide_1.10.0/stm32cubeide/plugins/com.st.stm32cube.ide.mcu.externaltools.gnu-tools-for-stm32.10.3-2021.10.win32_1.0.200.202301161003/tools/bin/../lib/gcc/arm-none-eabi/10.3.1/../../../../arm-none-eabi/lib/thumb/v7e-m+dp/hard\libc_nano.a(lib_a-findfp.o)
                0x0000000008004b1c                __sfp
 .text._fwalk_reent
                0x0000000008004ba8       0x3e c:/st/stm32cubeide_1.10.0/stm32cubeide/plugins/com.st.stm32cube.ide.mcu.externaltools.gnu-tools-for-stm32.10.3-2021.10.win32_1.0.200.202301161003/tools/bin/../lib/gcc/arm-none-eabi/10.3.1/../../../../arm-none-eabi/lib/thumb/v7e-m+dp/hard\libc_nano.a(lib_a-fwalk.o)
                0x0000000008004ba8                _fwalk_reent
 .text.__retarget_lock_init_recursive
                0x0000000008004be6        0x2 c:/st/stm32cubeide_1.10.0/stm32cubeide/plugins/com.st.stm32cube.ide.mcu.externaltools.gnu-tools-for-stm32.10.3-2021.10.win32_1.0.200.202301161003/tools/bin/../lib/gcc/arm-none-eabi/10.3.1/../../../../arm-none-eabi/lib/thumb/v7e-m+dp/hard\libc_nano.a(lib_a-lock.o)
                0x0000000008004be6                __retarget_lock_init_recursive
 .text.__retarget_lock_acquire_recursive
                0x0000000008004be8        0x2 c:/st/stm32cubeide_1.10.0/stm32cubeide/plugins/com.st.stm32cube.ide.mcu.externaltools.gnu-tools-for-stm32.10.3-2021.10.win32_1.0.200.202301161003/tools/bin/../lib/gcc/arm-none-eabi/10.3.1/../../../../arm-none-eabi/lib/thumb/v7e-m+dp/hard\libc_nano.a(lib_a-lock.o)
                0x0000000008004be8                __retarget_lock_acquire_recursive
 .text.__retarget_lock_release_recursive
                0x0000000008004bea        0x2 c:/st/stm32cubeide_1.10.0/stm32cubeide/plugins/com.st.stm32cube.ide.mcu.externaltools.gnu-tools-for-stm32.10.3-2021.10.win32_1.0.200.202301161003/tools/bin/../lib/gcc/arm-none-eabi/10.3.1/../../../../arm-none-eabi/lib/thumb/v7e-m+dp/hard\libc_nano.a(lib_a-lock.o)
                0x0000000008004bea                __retarget_lock_release_recursive
 .text.__swhatbuf_r
                0x0000000008004bec       0x4a c:/st/stm32cubeide_1.10.0/stm32cubeide/plugins/com.st.stm32cube.ide.mcu.externaltools.gnu-tools-for-stm32.10.3-2021.10.win32_1.0.200.202301161003/tools/bin/../lib/gcc/arm-none-eabi/10.3.1/../../../../arm-none-eabi/lib/thumb/v7e-m+dp/hard\libc_nano.a(lib_a-makebuf.o)
                0x0000000008004bec                __swhatbuf_r
 *fill*         0x0000000008004c36        0x2 
 .text.__smakebuf_r
                0x0000000008004c38       0x80 c:/st/stm32cubeide_1.10.0/stm32cubeide/plugins/com.st.stm32cube.ide.mcu.externaltools.gnu-tools-for-stm32.10.3-2021.10.win32_1.0.200.202301161003/tools/bin/../lib/gcc/arm-none-eabi/10.3.1/../../../../arm-none-eabi/lib/thumb/v7e-m+dp/hard\libc_nano.a(lib_a-makebuf.o)
                0x0000000008004c38                __smakebuf_r
 .text._free_r  0x0000000008004cb8       0x98 c:/st/stm32cubeide_1.10.0/stm32cubeide/plugins/com.st.stm32cube.ide.mcu.externaltools.gnu-tools-for-stm32.10.3-2021.10.win32_1.0.200.202301161003/tools/bin/../lib/gcc/arm-none-eabi/10.3.1/../../../../arm-none-eabi/lib/thumb/v7e-m+dp/hard\libc_nano.a(lib_a-nano-freer.o)
                0x0000000008004cb8                _free_r
 .text.sbrk_aligned
                0x0000000008004d50       0x40 c:/st/stm32cubeide_1.10.0/stm32cubeide/plugins/com.st.stm32cube.ide.mcu.externaltools.gnu-tools-for-stm32.10.3-2021.10.win32_1.0.200.202301161003/tools/bin/../lib/gcc/arm-none-eabi/10.3.1/../../../../arm-none-eabi/lib/thumb/v7e-m+dp/hard\libc_nano.a(lib_a-nano-mallocr.o)
 .text._malloc_r
                0x0000000008004d90       0xe8 c:/st/stm32cubeide_1.10.0/stm32cubeide/plugins/com.st.stm32cube.ide.mcu.externaltools.gnu-tools-for-stm32.10.3-2021.10.win32_1.0.200.202301161003/tools/bin/../lib/gcc/arm-none-eabi/10.3.1/../../../../arm-none-eabi/lib/thumb/v7e-m+dp/hard\libc_nano.a(lib_a-nano-mallocr.o)
                0x0000000008004d90                _malloc_r
 .text.__sfputc_r
                0x0000000008004e78       0x2e c:/st/stm32cubeide_1.10.0/stm32cubeide/plugins/com.st.stm32cube.ide.mcu.externaltools.gnu-tools-for-stm32.10.3-2021.10.win32_1.0.200.202301161003/tools/bin/../lib/gcc/arm-none-eabi/10.3.1/../../../../arm-none-eabi/lib/thumb/v7e-m+dp/hard\libc_nano.a(lib_a-nano-vfprintf.o)
 .text.__sfputs_r
                0x0000000008004ea6       0x24 c:/st/stm32cubeide_1.10.0/stm32cubeide/plugins/com.st.stm32cube.ide.mcu.externaltools.gnu-tools-for-stm32.10.3-2021.10.win32_1.0.200.202301161003/tools/bin/../lib/gcc/arm-none-eabi/10.3.1/../../../../arm-none-eabi/lib/thumb/v7e-m+dp/hard\libc_nano.a(lib_a-nano-vfprintf.o)
                0x0000000008004ea6                __sfputs_r
 *fill*         0x0000000008004eca        0x2 
 .text._vfprintf_r
                0x0000000008004ecc      0x260 c:/st/stm32cubeide_1.10.0/stm32cubeide/plugins/com.st.stm32cube.ide.mcu.externaltools.gnu-tools-for-stm32.10.3-2021.10.win32_1.0.200.202301161003/tools/bin/../lib/gcc/arm-none-eabi/10.3.1/../../../../arm-none-eabi/lib/thumb/v7e-m+dp/hard\libc_nano.a(lib_a-nano-vfprintf.o)
                0x0000000008004ecc                _vfprintf_r
                0x0000000008004ecc                _vfiprintf_r
 .text._printf_common
                0x000000000800512c       0xda c:/st/stm32cubeide_1.10.0/stm32cubeide/plugins/com.st.stm32cube.ide.mcu.externaltools.gnu-tools-for-stm32.10.3-2021.10.win32_1.0.200.202301161003/tools/bin/../lib/gcc/arm-none-eabi/10.3.1/../../../../arm-none-eabi/lib/thumb/v7e-m+dp/hard\libc_nano.a(lib_a-nano-vfprintf_i.o)
                0x000000000800512c                _printf_common
 *fill*         0x0000000008005206        0x2 
 .text._printf_i
                0x0000000008005208      0x24c c:/st/stm32cubeide_1.10.0/stm32cubeide/plugins/com.st.stm32cube.ide.mcu.externaltools.gnu-tools-for-stm32.10.3-2021.10.win32_1.0.200.202301161003/tools/bin/../lib/gcc/arm-none-eabi/10.3.1/../../../../arm-none-eabi/lib/thumb/v7e-m+dp/hard\libc_nano.a(lib_a-nano-vfprintf_i.o)
                0x0000000008005208                _printf_i
 .text._sbrk_r  0x0000000008005454       0x20 c:/st/stm32cubeide_1.10.0/stm32cubeide/plugins/com.st.stm32cube.ide.mcu.externaltools.gnu-tools-for-stm32.10.3-2021.10.win32_1.0.200.202301161003/tools/bin/../lib/gcc/arm-none-eabi/10.3.1/../../../../arm-none-eabi/lib/thumb/v7e-m+dp/hard\libc_nano.a(lib_a-sbrkr.o)
                0x0000000008005454                _sbrk_r
 .text.__sread  0x0000000008005474       0x22 c:/st/stm32cubeide_1.10.0/stm32cubeide/plugins/com.st.stm32cube.ide.mcu.externaltools.gnu-tools-for-stm32.10.3-2021.10.win32_1.0.200.202301161003/tools/bin/../lib/gcc/arm-none-eabi/10.3.1/../../../../arm-none-eabi/lib/thumb/v7e-m+dp/hard\libc_nano.a(lib_a-stdio.o)
                0x0000000008005474                __sread
 .text.__swrite
                0x0000000008005496       0x38 c:/st/stm32cubeide_1.10.0/stm32cubeide/plugins/com.st.stm32cube.ide.mcu.externaltools.gnu-tools-for-stm32.10.3-2021.10.win32_1.0.200.202301161003/tools/bin/../lib/gcc/arm-none-eabi/10.3.1/../../../../arm-none-eabi/lib/thumb/v7e-m+dp/hard\libc_nano.a(lib_a-stdio.o)
                0x0000000008005496                __swrite
 .text.__sseek  0x00000000080054ce       0x24 c:/st/stm32cubeide_1.10.0/stm32cubeide/plugins/com.st.stm32cube.ide.mcu.externaltools.gnu-tools-for-stm32.10.3-2021.10.win32_1.0.200.202301161003/tools/bin/../lib/gcc/arm-none-eabi/10.3.1/../../../../arm-none-eabi/lib/thumb/v7e-m+dp/hard\libc_nano.a(lib_a-stdio.o)
                0x00000000080054ce                __sseek
 .text.__sclose
                0x00000000080054f2        0x8 c:/st/stm32cubeide_1.10.0/stm32cubeide/plugins/com.st.stm32cube.ide.mcu.externaltools.gnu-tools-for-stm32.10.3-2021.10.win32_1.0.200.202301161003/tools/bin/../lib/gcc/arm-none-eabi/10.3.1/../../../../arm-none-eabi/lib/thumb/v7e-m+dp/hard\libc_nano.a(lib_a-stdio.o)
                0x00000000080054f2                __sclose
 *fill*         0x00000000080054fa        0x2 
 .text._write_r
                0x00000000080054fc       0x24 c:/st/stm32cubeide_1.10.0/stm32cubeide/plugins/com.st.stm32cube.ide.mcu.externaltools.gnu-tools-for-stm32.10.3-2021.10.win32_1.0.200.202301161003/tools/bin/../lib/gcc/arm-none-eabi/10.3.1/../../../../arm-none-eabi/lib/thumb/v7e-m+dp/hard\libc_nano.a(lib_a-writer.o)
                0x00000000080054fc                _write_r
 .text._close_r
                0x0000000008005520       0x20 c:/st/stm32cubeide_1.10.0/stm32cubeide/plugins/com.st.stm32cube.ide.mcu.externaltools.gnu-tools-for-stm32.10.3-2021.10.win32_1.0.200.202301161003/tools/bin/../lib/gcc/arm-none-eabi/10.3.1/../../../../arm-none-eabi/lib/thumb/v7e-m+dp/hard\libc_nano.a(lib_a-closer.o)
                0x0000000008005520                _close_r
 .text._fstat_r
                0x0000000008005540       0x24 c:/st/stm32cubeide_1.10.0/stm32cubeide/plugins/com.st.stm32cube.ide.mcu.externaltools.gnu-tools-for-stm32.10.3-2021.10.win32_1.0.200.202301161003/tools/bin/../lib/gcc/arm-none-eabi/10.3.1/../../../../arm-none-eabi/lib/thumb/v7e-m+dp/hard\libc_nano.a(lib_a-fstatr.o)
                0x0000000008005540                _fstat_r
 .text._isatty_r
                0x0000000008005564       0x20 c:/st/stm32cubeide_1.10.0/stm32cubeide/plugins/com.st.stm32cube.ide.mcu.externaltools.gnu-tools-for-stm32.10.3-2021.10.win32_1.0.200.202301161003/tools/bin/../lib/gcc/arm-none-eabi/10.3.1/../../../../arm-none-eabi/lib/thumb/v7e-m+dp/hard\libc_nano.a(lib_a-isattyr.o)
                0x0000000008005564                _isatty_r
 .text._lseek_r
                0x0000000008005584       0x24 c:/st/stm32cubeide_1.10.0/stm32cubeide/plugins/com.st.stm32cube.ide.mcu.externaltools.gnu-tools-for-stm32.10.3-2021.10.win32_1.0.200.202301161003/tools/bin/../lib/gcc/arm-none-eabi/10.3.1/../../../../arm-none-eabi/lib/thumb/v7e-m+dp/hard\libc_nano.a(lib_a-lseekr.o)
                0x0000000008005584                _lseek_r
 .text.__malloc_lock
                0x00000000080055a8        0xc c:/st/stm32cubeide_1.10.0/stm32cubeide/plugins/com.st.stm32cube.ide.mcu.externaltools.gnu-tools-for-stm32.10.3-2021.10.win32_1.0.200.202301161003/tools/bin/../lib/gcc/arm-none-eabi/10.3.1/../../../../arm-none-eabi/lib/thumb/v7e-m+dp/hard\libc_nano.a(lib_a-mlock.o)
                0x00000000080055a8                __malloc_lock
 .text.__malloc_unlock
                0x00000000080055b4        0xc c:/st/stm32cubeide_1.10.0/stm32cubeide/plugins/com.st.stm32cube.ide.mcu.externaltools.gnu-tools-for-stm32.10.3-2021.10.win32_1.0.200.202301161003/tools/bin/../lib/gcc/arm-none-eabi/10.3.1/../../../../arm-none-eabi/lib/thumb/v7e-m+dp/hard\libc_nano.a(lib_a-mlock.o)
                0x00000000080055b4                __malloc_unlock
 .text._read_r  0x00000000080055c0       0x24 c:/st/stm32cubeide_1.10.0/stm32cubeide/plugins/com.st.stm32cube.ide.mcu.externaltools.gnu-tools-for-stm32.10.3-2021.10.win32_1.0.200.202301161003/tools/bin/../lib/gcc/arm-none-eabi/10.3.1/../../../../arm-none-eabi/lib/thumb/v7e-m+dp/hard\libc_nano.a(lib_a-readr.o)
                0x00000000080055c0                _read_r
 *(.glue_7)
 .glue_7        0x00000000080055e4        0x0 linker stubs
 *(.glue_7t)
 .glue_7t       0x00000000080055e4        0x0 linker stubs
 *(.eh_frame)
 .eh_frame      0x00000000080055e4        0x0 c:/st/stm32cubeide_1.10.0/stm32cubeide/plugins/com.st.stm32cube.ide.mcu.externaltools.gnu-tools-for-stm32.10.3-2021.10.win32_1.0.200.202301161003/tools/bin/../lib/gcc/arm-none-eabi/10.3.1/thumb/v7e-m+dp/hard/crtbegin.o
 *(.init)
 .init          0x00000000080055e4        0x4 c:/st/stm32cubeide_1.10.0/stm32cubeide/plugins/com.st.stm32cube.ide.mcu.externaltools.gnu-tools-for-stm32.10.3-2021.10.win32_1.0.200.202301161003/tools/bin/../lib/gcc/arm-none-eabi/10.3.1/thumb/v7e-m+dp/hard/crti.o
                0x00000000080055e4                _init
 .init          0x00000000080055e8        0x8 c:/st/stm32cubeide_1.10.0/stm32cubeide/plugins/com.st.stm32cube.ide.mcu.externaltools.gnu-tools-for-stm32.10.3-2021.10.win32_1.0.200.202301161003/tools/bin/../lib/gcc/arm-none-eabi/10.3.1/thumb/v7e-m+dp/hard/crtn.o
 *(.fini)
 .fini          0x00000000080055f0        0x4 c:/st/stm32cubeide_1.10.0/stm32cubeide/plugins/com.st.stm32cube.ide.mcu.externaltools.gnu-tools-for-stm32.10.3-2021.10.win32_1.0.200.202301161003/tools/bin/../lib/gcc/arm-none-eabi/10.3.1/thumb/v7e-m+dp/hard/crti.o
                0x00000000080055f0                _fini
 .fini          0x00000000080055f4        0x8 c:/st/stm32cubeide_1.10.0/stm32cubeide/plugins/com.st.stm32cube.ide.mcu.externaltools.gnu-tools-for-stm32.10.3-2021.10.win32_1.0.200.202301161003/tools/bin/../lib/gcc/arm-none-eabi/10.3.1/thumb/v7e-m+dp/hard/crtn.o
                0x00000000080055fc                . = ALIGN (0x4)
                0x00000000080055fc                _etext = .

.vfp11_veneer   0x00000000080055fc        0x0
 .vfp11_veneer  0x00000000080055fc        0x0 linker stubs

.v4_bx          0x00000000080055fc        0x0
 .v4_bx         0x00000000080055fc        0x0 linker stubs

.iplt           0x00000000080055fc        0x0
 .iplt          0x00000000080055fc        0x0 c:/st/stm32cubeide_1.10.0/stm32cubeide/plugins/com.st.stm32cube.ide.mcu.externaltools.gnu-tools-for-stm32.10.3-2021.10.win32_1.0.200.202301161003/tools/bin/../lib/gcc/arm-none-eabi/10.3.1/thumb/v7e-m+dp/hard/crtbegin.o

.rodata         0x00000000080055fc     0x957c
                0x00000000080055fc                . = ALIGN (0x4)
 *(.rodata)
 .rodata        0x00000000080055fc       0x71 ./Core/Src/EPD_2in9.o
 *fill*         0x000000000800566d        0x3 
 .rodata        0x0000000008005670       0x20 ./Core/Src/EPD_2in9_1_test.o
 *(.rodata*)
 .rodata.EPD_2IN9_lut_full_update
                0x0000000008005690       0x1e ./Core/Src/EPD_2in9.o
                0x0000000008005690                EPD_2IN9_lut_full_update
 *fill*         0x00000000080056ae        0x2 
 .rodata.EPD_2IN9_lut_partial_update
                0x00000000080056b0       0x1e ./Core/Src/EPD_2in9.o
                0x00000000080056b0                EPD_2IN9_lut_partial_update
 *fill*         0x00000000080056ce        0x2 
 .rodata.Display
                0x00000000080056d0     0x1280 ./Core/Src/ImageData.o
                0x00000000080056d0                Display
 .rodata.Status
                0x0000000008006950     0x1280 ./Core/Src/ImageData.o
                0x0000000008006950                Status
 .rodata.Menu   0x0000000008007bd0     0x1280 ./Core/Src/ImageData.o
                0x0000000008007bd0                Menu
 .rodata.Bolus_wizard_1
                0x0000000008008e50     0x1280 ./Core/Src/ImageData.o
                0x0000000008008e50                Bolus_wizard_1
 .rodata.Bolus_wizard_2
                0x000000000800a0d0     0x1280 ./Core/Src/ImageData.o
                0x000000000800a0d0                Bolus_wizard_2
 .rodata.Sg_review
                0x000000000800b350     0x1280 ./Core/Src/ImageData.o
                0x000000000800b350                Sg_review
 .rodata.Sg_review_2
                0x000000000800c5d0     0x1280 ./Core/Src/ImageData.o
                0x000000000800c5d0                Sg_review_2
 .rodata.Settings
                0x000000000800d850     0x1280 ./Core/Src/ImageData.o
                0x000000000800d850                Settings
 .rodata.D1CorePrescTable
                0x000000000800ead0       0x10 ./Core/Src/system_stm32h7xx.o
                0x000000000800ead0                D1CorePrescTable
 .rodata._global_impure_ptr
                0x000000000800eae0        0x4 c:/st/stm32cubeide_1.10.0/stm32cubeide/plugins/com.st.stm32cube.ide.mcu.externaltools.gnu-tools-for-stm32.10.3-2021.10.win32_1.0.200.202301161003/tools/bin/../lib/gcc/arm-none-eabi/10.3.1/../../../../arm-none-eabi/lib/thumb/v7e-m+dp/hard\libc_nano.a(lib_a-impure.o)
                0x000000000800eae0                _global_impure_ptr
 .rodata.__sf_fake_stderr
                0x000000000800eae4       0x20 c:/st/stm32cubeide_1.10.0/stm32cubeide/plugins/com.st.stm32cube.ide.mcu.externaltools.gnu-tools-for-stm32.10.3-2021.10.win32_1.0.200.202301161003/tools/bin/../lib/gcc/arm-none-eabi/10.3.1/../../../../arm-none-eabi/lib/thumb/v7e-m+dp/hard\libc_nano.a(lib_a-findfp.o)
                0x000000000800eae4                __sf_fake_stderr
 .rodata.__sf_fake_stdin
                0x000000000800eb04       0x20 c:/st/stm32cubeide_1.10.0/stm32cubeide/plugins/com.st.stm32cube.ide.mcu.externaltools.gnu-tools-for-stm32.10.3-2021.10.win32_1.0.200.202301161003/tools/bin/../lib/gcc/arm-none-eabi/10.3.1/../../../../arm-none-eabi/lib/thumb/v7e-m+dp/hard\libc_nano.a(lib_a-findfp.o)
                0x000000000800eb04                __sf_fake_stdin
 .rodata.__sf_fake_stdout
                0x000000000800eb24       0x20 c:/st/stm32cubeide_1.10.0/stm32cubeide/plugins/com.st.stm32cube.ide.mcu.externaltools.gnu-tools-for-stm32.10.3-2021.10.win32_1.0.200.202301161003/tools/bin/../lib/gcc/arm-none-eabi/10.3.1/../../../../arm-none-eabi/lib/thumb/v7e-m+dp/hard\libc_nano.a(lib_a-findfp.o)
                0x000000000800eb24                __sf_fake_stdout
 .rodata._vfprintf_r.str1.1
                0x000000000800eb44       0x11 c:/st/stm32cubeide_1.10.0/stm32cubeide/plugins/com.st.stm32cube.ide.mcu.externaltools.gnu-tools-for-stm32.10.3-2021.10.win32_1.0.200.202301161003/tools/bin/../lib/gcc/arm-none-eabi/10.3.1/../../../../arm-none-eabi/lib/thumb/v7e-m+dp/hard\libc_nano.a(lib_a-nano-vfprintf.o)
 .rodata._printf_i.str1.1
                0x000000000800eb55       0x22 c:/st/stm32cubeide_1.10.0/stm32cubeide/plugins/com.st.stm32cube.ide.mcu.externaltools.gnu-tools-for-stm32.10.3-2021.10.win32_1.0.200.202301161003/tools/bin/../lib/gcc/arm-none-eabi/10.3.1/../../../../arm-none-eabi/lib/thumb/v7e-m+dp/hard\libc_nano.a(lib_a-nano-vfprintf_i.o)
                0x000000000800eb78                . = ALIGN (0x4)
 *fill*         0x000000000800eb77        0x1 

.rel.dyn        0x000000000800eb78        0x0
 .rel.iplt      0x000000000800eb78        0x0 c:/st/stm32cubeide_1.10.0/stm32cubeide/plugins/com.st.stm32cube.ide.mcu.externaltools.gnu-tools-for-stm32.10.3-2021.10.win32_1.0.200.202301161003/tools/bin/../lib/gcc/arm-none-eabi/10.3.1/thumb/v7e-m+dp/hard/crtbegin.o

.ARM.extab
 *(.ARM.extab* .gnu.linkonce.armextab.*)

.ARM            0x000000000800eb78        0x0
                0x000000000800eb78                __exidx_start = .
 *(.ARM.exidx*)
                0x000000000800eb78                __exidx_end = .

.preinit_array  0x000000000800eb78        0x0
                0x000000000800eb78                PROVIDE (__preinit_array_start = .)
 *(.preinit_array*)
                0x000000000800eb78                PROVIDE (__preinit_array_end = .)

.init_array     0x000000000800eb78        0x4
                0x000000000800eb78                PROVIDE (__init_array_start = .)
 *(SORT_BY_NAME(.init_array.*))
 *(.init_array*)
 .init_array    0x000000000800eb78        0x4 c:/st/stm32cubeide_1.10.0/stm32cubeide/plugins/com.st.stm32cube.ide.mcu.externaltools.gnu-tools-for-stm32.10.3-2021.10.win32_1.0.200.202301161003/tools/bin/../lib/gcc/arm-none-eabi/10.3.1/thumb/v7e-m+dp/hard/crtbegin.o
                0x000000000800eb7c                PROVIDE (__init_array_end = .)

.fini_array     0x000000000800eb7c        0x4
                [!provide]                        PROVIDE (__fini_array_start = .)
 *(SORT_BY_NAME(.fini_array.*))
 *(.fini_array*)
 .fini_array    0x000000000800eb7c        0x4 c:/st/stm32cubeide_1.10.0/stm32cubeide/plugins/com.st.stm32cube.ide.mcu.externaltools.gnu-tools-for-stm32.10.3-2021.10.win32_1.0.200.202301161003/tools/bin/../lib/gcc/arm-none-eabi/10.3.1/thumb/v7e-m+dp/hard/crtbegin.o
                [!provide]                        PROVIDE (__fini_array_end = .)
                0x000000000800eb80                _sidata = LOADADDR (.data)

.data           0x0000000024000000       0x74 load address 0x000000000800eb80
                0x0000000024000000                . = ALIGN (0x4)
                0x0000000024000000                _sdata = .
 *(.data)
 *(.data*)
 .data.SystemCoreClock
                0x0000000024000000        0x4 ./Core/Src/system_stm32h7xx.o
                0x0000000024000000                SystemCoreClock
 .data.SystemD2Clock
                0x0000000024000004        0x4 ./Core/Src/system_stm32h7xx.o
                0x0000000024000004                SystemD2Clock
 .data.uwTickPrio
                0x0000000024000008        0x4 ./Drivers/STM32H7xx_HAL_Driver/Src/stm32h7xx_hal.o
                0x0000000024000008                uwTickPrio
 .data.uwTickFreq
                0x000000002400000c        0x1 ./Drivers/STM32H7xx_HAL_Driver/Src/stm32h7xx_hal.o
                0x000000002400000c                uwTickFreq
 *fill*         0x000000002400000d        0x3 
 .data._impure_ptr
                0x0000000024000010        0x4 c:/st/stm32cubeide_1.10.0/stm32cubeide/plugins/com.st.stm32cube.ide.mcu.externaltools.gnu-tools-for-stm32.10.3-2021.10.win32_1.0.200.202301161003/tools/bin/../lib/gcc/arm-none-eabi/10.3.1/../../../../arm-none-eabi/lib/thumb/v7e-m+dp/hard\libc_nano.a(lib_a-impure.o)
                0x0000000024000010                _impure_ptr
 .data.impure_data
                0x0000000024000014       0x60 c:/st/stm32cubeide_1.10.0/stm32cubeide/plugins/com.st.stm32cube.ide.mcu.externaltools.gnu-tools-for-stm32.10.3-2021.10.win32_1.0.200.202301161003/tools/bin/../lib/gcc/arm-none-eabi/10.3.1/../../../../arm-none-eabi/lib/thumb/v7e-m+dp/hard\libc_nano.a(lib_a-impure.o)
 *(.RamFunc)
 *(.RamFunc*)
                0x0000000024000074                . = ALIGN (0x4)
                0x0000000024000074                _edata = .

.igot.plt       0x0000000024000074        0x0 load address 0x000000000800ebf4
 .igot.plt      0x0000000024000074        0x0 c:/st/stm32cubeide_1.10.0/stm32cubeide/plugins/com.st.stm32cube.ide.mcu.externaltools.gnu-tools-for-stm32.10.3-2021.10.win32_1.0.200.202301161003/tools/bin/../lib/gcc/arm-none-eabi/10.3.1/thumb/v7e-m+dp/hard/crtbegin.o
                0x0000000024000074                . = ALIGN (0x4)

.bss            0x0000000024000074       0xc0 load address 0x000000000800ebf4
                0x0000000024000074                _sbss = .
                0x0000000024000074                __bss_start__ = _sbss
 *(.bss)
 .bss           0x0000000024000074       0x1c c:/st/stm32cubeide_1.10.0/stm32cubeide/plugins/com.st.stm32cube.ide.mcu.externaltools.gnu-tools-for-stm32.10.3-2021.10.win32_1.0.200.202301161003/tools/bin/../lib/gcc/arm-none-eabi/10.3.1/thumb/v7e-m+dp/hard/crtbegin.o
 *(.bss*)
 .bss.B1_Botton
                0x0000000024000090        0x4 ./Core/Src/main.o
                0x0000000024000090                B1_Botton
 .bss.hspi3     0x0000000024000094       0x88 ./Core/Src/spi.o
                0x0000000024000094                hspi3
 .bss.__sbrk_heap_end
                0x000000002400011c        0x4 ./Core/Src/sysmem.o
 .bss.uwTick    0x0000000024000120        0x4 ./Drivers/STM32H7xx_HAL_Driver/Src/stm32h7xx_hal.o
                0x0000000024000120                uwTick
 .bss.__lock___malloc_recursive_mutex
                0x0000000024000124        0x1 c:/st/stm32cubeide_1.10.0/stm32cubeide/plugins/com.st.stm32cube.ide.mcu.externaltools.gnu-tools-for-stm32.10.3-2021.10.win32_1.0.200.202301161003/tools/bin/../lib/gcc/arm-none-eabi/10.3.1/../../../../arm-none-eabi/lib/thumb/v7e-m+dp/hard\libc_nano.a(lib_a-lock.o)
                0x0000000024000124                __lock___malloc_recursive_mutex
 .bss.__lock___sfp_recursive_mutex
                0x0000000024000125        0x1 c:/st/stm32cubeide_1.10.0/stm32cubeide/plugins/com.st.stm32cube.ide.mcu.externaltools.gnu-tools-for-stm32.10.3-2021.10.win32_1.0.200.202301161003/tools/bin/../lib/gcc/arm-none-eabi/10.3.1/../../../../arm-none-eabi/lib/thumb/v7e-m+dp/hard\libc_nano.a(lib_a-lock.o)
                0x0000000024000125                __lock___sfp_recursive_mutex
 .bss.__lock___sinit_recursive_mutex
                0x0000000024000126        0x1 c:/st/stm32cubeide_1.10.0/stm32cubeide/plugins/com.st.stm32cube.ide.mcu.externaltools.gnu-tools-for-stm32.10.3-2021.10.win32_1.0.200.202301161003/tools/bin/../lib/gcc/arm-none-eabi/10.3.1/../../../../arm-none-eabi/lib/thumb/v7e-m+dp/hard\libc_nano.a(lib_a-lock.o)
                0x0000000024000126                __lock___sinit_recursive_mutex
 *fill*         0x0000000024000127        0x1 
 .bss.__malloc_free_list
                0x0000000024000128        0x4 c:/st/stm32cubeide_1.10.0/stm32cubeide/plugins/com.st.stm32cube.ide.mcu.externaltools.gnu-tools-for-stm32.10.3-2021.10.win32_1.0.200.202301161003/tools/bin/../lib/gcc/arm-none-eabi/10.3.1/../../../../arm-none-eabi/lib/thumb/v7e-m+dp/hard\libc_nano.a(lib_a-nano-mallocr.o)
                0x0000000024000128                __malloc_free_list
 .bss.__malloc_sbrk_start
                0x000000002400012c        0x4 c:/st/stm32cubeide_1.10.0/stm32cubeide/plugins/com.st.stm32cube.ide.mcu.externaltools.gnu-tools-for-stm32.10.3-2021.10.win32_1.0.200.202301161003/tools/bin/../lib/gcc/arm-none-eabi/10.3.1/../../../../arm-none-eabi/lib/thumb/v7e-m+dp/hard\libc_nano.a(lib_a-nano-mallocr.o)
                0x000000002400012c                __malloc_sbrk_start
 .bss.errno     0x0000000024000130        0x4 c:/st/stm32cubeide_1.10.0/stm32cubeide/plugins/com.st.stm32cube.ide.mcu.externaltools.gnu-tools-for-stm32.10.3-2021.10.win32_1.0.200.202301161003/tools/bin/../lib/gcc/arm-none-eabi/10.3.1/../../../../arm-none-eabi/lib/thumb/v7e-m+dp/hard\libc_nano.a(lib_a-reent.o)
                0x0000000024000130                errno
 *(COMMON)
                0x0000000024000134                . = ALIGN (0x4)
                0x0000000024000134                _ebss = .
                0x0000000024000134                __bss_end__ = _ebss

._user_heap_stack
                0x0000000024000134      0x604 load address 0x000000000800ebf4
                0x0000000024000138                . = ALIGN (0x8)
 *fill*         0x0000000024000134        0x4 
                [!provide]                        PROVIDE (end = .)
                0x0000000024000138                PROVIDE (_end = .)
                0x0000000024000338                . = (. + _Min_Heap_Size)
 *fill*         0x0000000024000138      0x200 
                0x0000000024000738                . = (. + _Min_Stack_Size)
 *fill*         0x0000000024000338      0x400 
                0x0000000024000738                . = ALIGN (0x8)

/DISCARD/
 libc.a(*)
 libm.a(*)
 libgcc.a(*)

.ARM.attributes
                0x0000000000000000       0x2e
 *(.ARM.attributes)
 .ARM.attributes
                0x0000000000000000       0x1e c:/st/stm32cubeide_1.10.0/stm32cubeide/plugins/com.st.stm32cube.ide.mcu.externaltools.gnu-tools-for-stm32.10.3-2021.10.win32_1.0.200.202301161003/tools/bin/../lib/gcc/arm-none-eabi/10.3.1/thumb/v7e-m+dp/hard/crti.o
 .ARM.attributes
                0x000000000000001e       0x32 c:/st/stm32cubeide_1.10.0/stm32cubeide/plugins/com.st.stm32cube.ide.mcu.externaltools.gnu-tools-for-stm32.10.3-2021.10.win32_1.0.200.202301161003/tools/bin/../lib/gcc/arm-none-eabi/10.3.1/thumb/v7e-m+dp/hard/crtbegin.o
 .ARM.attributes
                0x0000000000000050       0x32 ./Core/Src/DEV_Config.o
 .ARM.attributes
                0x0000000000000082       0x32 ./Core/Src/EPD_2in9.o
 .ARM.attributes
                0x00000000000000b4       0x32 ./Core/Src/EPD_2in9_1_test.o
 .ARM.attributes
                0x00000000000000e6       0x32 ./Core/Src/ImageData.o
 .ARM.attributes
                0x0000000000000118       0x32 ./Core/Src/gpio.o
 .ARM.attributes
                0x000000000000014a       0x32 ./Core/Src/main.o
 .ARM.attributes
                0x000000000000017c       0x32 ./Core/Src/spi.o
 .ARM.attributes
                0x00000000000001ae       0x32 ./Core/Src/stm32h7xx_hal_msp.o
 .ARM.attributes
                0x00000000000001e0       0x32 ./Core/Src/stm32h7xx_it.o
 .ARM.attributes
                0x0000000000000212       0x32 ./Core/Src/syscalls.o
 .ARM.attributes
                0x0000000000000244       0x32 ./Core/Src/sysmem.o
 .ARM.attributes
                0x0000000000000276       0x32 ./Core/Src/system_stm32h7xx.o
 .ARM.attributes
                0x00000000000002a8       0x21 ./Core/Startup/startup_stm32h743zitx.o
 .ARM.attributes
                0x00000000000002c9       0x32 ./Drivers/STM32H7xx_HAL_Driver/Src/stm32h7xx_hal.o
 .ARM.attributes
                0x00000000000002fb       0x32 ./Drivers/STM32H7xx_HAL_Driver/Src/stm32h7xx_hal_cortex.o
 .ARM.attributes
                0x000000000000032d       0x32 ./Drivers/STM32H7xx_HAL_Driver/Src/stm32h7xx_hal_gpio.o
 .ARM.attributes
                0x000000000000035f       0x32 ./Drivers/STM32H7xx_HAL_Driver/Src/stm32h7xx_hal_pwr_ex.o
 .ARM.attributes
                0x0000000000000391       0x32 ./Drivers/STM32H7xx_HAL_Driver/Src/stm32h7xx_hal_rcc.o
 .ARM.attributes
                0x00000000000003c3       0x32 ./Drivers/STM32H7xx_HAL_Driver/Src/stm32h7xx_hal_rcc_ex.o
 .ARM.attributes
                0x00000000000003f5       0x32 ./Drivers/STM32H7xx_HAL_Driver/Src/stm32h7xx_hal_spi.o
 .ARM.attributes
                0x0000000000000427       0x32 c:/st/stm32cubeide_1.10.0/stm32cubeide/plugins/com.st.stm32cube.ide.mcu.externaltools.gnu-tools-for-stm32.10.3-2021.10.win32_1.0.200.202301161003/tools/bin/../lib/gcc/arm-none-eabi/10.3.1/../../../../arm-none-eabi/lib/thumb/v7e-m+dp/hard\libc_nano.a(lib_a-errno.o)
 .ARM.attributes
                0x0000000000000459       0x32 c:/st/stm32cubeide_1.10.0/stm32cubeide/plugins/com.st.stm32cube.ide.mcu.externaltools.gnu-tools-for-stm32.10.3-2021.10.win32_1.0.200.202301161003/tools/bin/../lib/gcc/arm-none-eabi/10.3.1/../../../../arm-none-eabi/lib/thumb/v7e-m+dp/hard\libc_nano.a(lib_a-impure.o)
 .ARM.attributes
                0x000000000000048b       0x32 c:/st/stm32cubeide_1.10.0/stm32cubeide/plugins/com.st.stm32cube.ide.mcu.externaltools.gnu-tools-for-stm32.10.3-2021.10.win32_1.0.200.202301161003/tools/bin/../lib/gcc/arm-none-eabi/10.3.1/../../../../arm-none-eabi/lib/thumb/v7e-m+dp/hard\libc_nano.a(lib_a-init.o)
 .ARM.attributes
                0x00000000000004bd       0x32 c:/st/stm32cubeide_1.10.0/stm32cubeide/plugins/com.st.stm32cube.ide.mcu.externaltools.gnu-tools-for-stm32.10.3-2021.10.win32_1.0.200.202301161003/tools/bin/../lib/gcc/arm-none-eabi/10.3.1/../../../../arm-none-eabi/lib/thumb/v7e-m+dp/hard\libc_nano.a(lib_a-memset.o)
 .ARM.attributes
                0x00000000000004ef       0x32 c:/st/stm32cubeide_1.10.0/stm32cubeide/plugins/com.st.stm32cube.ide.mcu.externaltools.gnu-tools-for-stm32.10.3-2021.10.win32_1.0.200.202301161003/tools/bin/../lib/gcc/arm-none-eabi/10.3.1/../../../../arm-none-eabi/lib/thumb/v7e-m+dp/hard\libc_nano.a(lib_a-printf.o)
 .ARM.attributes
                0x0000000000000521       0x32 c:/st/stm32cubeide_1.10.0/stm32cubeide/plugins/com.st.stm32cube.ide.mcu.externaltools.gnu-tools-for-stm32.10.3-2021.10.win32_1.0.200.202301161003/tools/bin/../lib/gcc/arm-none-eabi/10.3.1/../../../../arm-none-eabi/lib/thumb/v7e-m+dp/hard\libc_nano.a(lib_a-puts.o)
 .ARM.attributes
                0x0000000000000553       0x32 c:/st/stm32cubeide_1.10.0/stm32cubeide/plugins/com.st.stm32cube.ide.mcu.externaltools.gnu-tools-for-stm32.10.3-2021.10.win32_1.0.200.202301161003/tools/bin/../lib/gcc/arm-none-eabi/10.3.1/../../../../arm-none-eabi/lib/thumb/v7e-m+dp/hard\libc_nano.a(lib_a-wbuf.o)
 .ARM.attributes
                0x0000000000000585       0x32 c:/st/stm32cubeide_1.10.0/stm32cubeide/plugins/com.st.stm32cube.ide.mcu.externaltools.gnu-tools-for-stm32.10.3-2021.10.win32_1.0.200.202301161003/tools/bin/../lib/gcc/arm-none-eabi/10.3.1/../../../../arm-none-eabi/lib/thumb/v7e-m+dp/hard\libc_nano.a(lib_a-wsetup.o)
 .ARM.attributes
                0x00000000000005b7       0x32 c:/st/stm32cubeide_1.10.0/stm32cubeide/plugins/com.st.stm32cube.ide.mcu.externaltools.gnu-tools-for-stm32.10.3-2021.10.win32_1.0.200.202301161003/tools/bin/../lib/gcc/arm-none-eabi/10.3.1/../../../../arm-none-eabi/lib/thumb/v7e-m+dp/hard\libc_nano.a(lib_a-fflush.o)
 .ARM.attributes
                0x00000000000005e9       0x32 c:/st/stm32cubeide_1.10.0/stm32cubeide/plugins/com.st.stm32cube.ide.mcu.externaltools.gnu-tools-for-stm32.10.3-2021.10.win32_1.0.200.202301161003/tools/bin/../lib/gcc/arm-none-eabi/10.3.1/../../../../arm-none-eabi/lib/thumb/v7e-m+dp/hard\libc_nano.a(lib_a-findfp.o)
 .ARM.attributes
                0x000000000000061b       0x32 c:/st/stm32cubeide_1.10.0/stm32cubeide/plugins/com.st.stm32cube.ide.mcu.externaltools.gnu-tools-for-stm32.10.3-2021.10.win32_1.0.200.202301161003/tools/bin/../lib/gcc/arm-none-eabi/10.3.1/../../../../arm-none-eabi/lib/thumb/v7e-m+dp/hard\libc_nano.a(lib_a-fwalk.o)
 .ARM.attributes
                0x000000000000064d       0x32 c:/st/stm32cubeide_1.10.0/stm32cubeide/plugins/com.st.stm32cube.ide.mcu.externaltools.gnu-tools-for-stm32.10.3-2021.10.win32_1.0.200.202301161003/tools/bin/../lib/gcc/arm-none-eabi/10.3.1/../../../../arm-none-eabi/lib/thumb/v7e-m+dp/hard\libc_nano.a(lib_a-lock.o)
 .ARM.attributes
                0x000000000000067f       0x32 c:/st/stm32cubeide_1.10.0/stm32cubeide/plugins/com.st.stm32cube.ide.mcu.externaltools.gnu-tools-for-stm32.10.3-2021.10.win32_1.0.200.202301161003/tools/bin/../lib/gcc/arm-none-eabi/10.3.1/../../../../arm-none-eabi/lib/thumb/v7e-m+dp/hard\libc_nano.a(lib_a-makebuf.o)
 .ARM.attributes
                0x00000000000006b1       0x32 c:/st/stm32cubeide_1.10.0/stm32cubeide/plugins/com.st.stm32cube.ide.mcu.externaltools.gnu-tools-for-stm32.10.3-2021.10.win32_1.0.200.202301161003/tools/bin/../lib/gcc/arm-none-eabi/10.3.1/../../../../arm-none-eabi/lib/thumb/v7e-m+dp/hard\libc_nano.a(lib_a-nano-freer.o)
 .ARM.attributes
                0x00000000000006e3       0x32 c:/st/stm32cubeide_1.10.0/stm32cubeide/plugins/com.st.stm32cube.ide.mcu.externaltools.gnu-tools-for-stm32.10.3-2021.10.win32_1.0.200.202301161003/tools/bin/../lib/gcc/arm-none-eabi/10.3.1/../../../../arm-none-eabi/lib/thumb/v7e-m+dp/hard\libc_nano.a(lib_a-nano-mallocr.o)
 .ARM.attributes
                0x0000000000000715       0x32 c:/st/stm32cubeide_1.10.0/stm32cubeide/plugins/com.st.stm32cube.ide.mcu.externaltools.gnu-tools-for-stm32.10.3-2021.10.win32_1.0.200.202301161003/tools/bin/../lib/gcc/arm-none-eabi/10.3.1/../../../../arm-none-eabi/lib/thumb/v7e-m+dp/hard\libc_nano.a(lib_a-nano-vfprintf.o)
 .ARM.attributes
                0x0000000000000747       0x32 c:/st/stm32cubeide_1.10.0/stm32cubeide/plugins/com.st.stm32cube.ide.mcu.externaltools.gnu-tools-for-stm32.10.3-2021.10.win32_1.0.200.202301161003/tools/bin/../lib/gcc/arm-none-eabi/10.3.1/../../../../arm-none-eabi/lib/thumb/v7e-m+dp/hard\libc_nano.a(lib_a-nano-vfprintf_i.o)
 .ARM.attributes
                0x0000000000000779       0x32 c:/st/stm32cubeide_1.10.0/stm32cubeide/plugins/com.st.stm32cube.ide.mcu.externaltools.gnu-tools-for-stm32.10.3-2021.10.win32_1.0.200.202301161003/tools/bin/../lib/gcc/arm-none-eabi/10.3.1/../../../../arm-none-eabi/lib/thumb/v7e-m+dp/hard\libc_nano.a(lib_a-sbrkr.o)
 .ARM.attributes
                0x00000000000007ab       0x32 c:/st/stm32cubeide_1.10.0/stm32cubeide/plugins/com.st.stm32cube.ide.mcu.externaltools.gnu-tools-for-stm32.10.3-2021.10.win32_1.0.200.202301161003/tools/bin/../lib/gcc/arm-none-eabi/10.3.1/../../../../arm-none-eabi/lib/thumb/v7e-m+dp/hard\libc_nano.a(lib_a-stdio.o)
 .ARM.attributes
                0x00000000000007dd       0x32 c:/st/stm32cubeide_1.10.0/stm32cubeide/plugins/com.st.stm32cube.ide.mcu.externaltools.gnu-tools-for-stm32.10.3-2021.10.win32_1.0.200.202301161003/tools/bin/../lib/gcc/arm-none-eabi/10.3.1/../../../../arm-none-eabi/lib/thumb/v7e-m+dp/hard\libc_nano.a(lib_a-writer.o)
 .ARM.attributes
                0x000000000000080f       0x32 c:/st/stm32cubeide_1.10.0/stm32cubeide/plugins/com.st.stm32cube.ide.mcu.externaltools.gnu-tools-for-stm32.10.3-2021.10.win32_1.0.200.202301161003/tools/bin/../lib/gcc/arm-none-eabi/10.3.1/../../../../arm-none-eabi/lib/thumb/v7e-m+dp/hard\libc_nano.a(lib_a-closer.o)
 .ARM.attributes
                0x0000000000000841       0x32 c:/st/stm32cubeide_1.10.0/stm32cubeide/plugins/com.st.stm32cube.ide.mcu.externaltools.gnu-tools-for-stm32.10.3-2021.10.win32_1.0.200.202301161003/tools/bin/../lib/gcc/arm-none-eabi/10.3.1/../../../../arm-none-eabi/lib/thumb/v7e-m+dp/hard\libc_nano.a(lib_a-fstatr.o)
 .ARM.attributes
                0x0000000000000873       0x32 c:/st/stm32cubeide_1.10.0/stm32cubeide/plugins/com.st.stm32cube.ide.mcu.externaltools.gnu-tools-for-stm32.10.3-2021.10.win32_1.0.200.202301161003/tools/bin/../lib/gcc/arm-none-eabi/10.3.1/../../../../arm-none-eabi/lib/thumb/v7e-m+dp/hard\libc_nano.a(lib_a-isattyr.o)
 .ARM.attributes
                0x00000000000008a5       0x32 c:/st/stm32cubeide_1.10.0/stm32cubeide/plugins/com.st.stm32cube.ide.mcu.externaltools.gnu-tools-for-stm32.10.3-2021.10.win32_1.0.200.202301161003/tools/bin/../lib/gcc/arm-none-eabi/10.3.1/../../../../arm-none-eabi/lib/thumb/v7e-m+dp/hard\libc_nano.a(lib_a-lseekr.o)
 .ARM.attributes
                0x00000000000008d7       0x1c c:/st/stm32cubeide_1.10.0/stm32cubeide/plugins/com.st.stm32cube.ide.mcu.externaltools.gnu-tools-for-stm32.10.3-2021.10.win32_1.0.200.202301161003/tools/bin/../lib/gcc/arm-none-eabi/10.3.1/../../../../arm-none-eabi/lib/thumb/v7e-m+dp/hard\libc_nano.a(lib_a-memchr.o)
 .ARM.attributes
                0x00000000000008f3       0x32 c:/st/stm32cubeide_1.10.0/stm32cubeide/plugins/com.st.stm32cube.ide.mcu.externaltools.gnu-tools-for-stm32.10.3-2021.10.win32_1.0.200.202301161003/tools/bin/../lib/gcc/arm-none-eabi/10.3.1/../../../../arm-none-eabi/lib/thumb/v7e-m+dp/hard\libc_nano.a(lib_a-mlock.o)
 .ARM.attributes
                0x0000000000000925       0x32 c:/st/stm32cubeide_1.10.0/stm32cubeide/plugins/com.st.stm32cube.ide.mcu.externaltools.gnu-tools-for-stm32.10.3-2021.10.win32_1.0.200.202301161003/tools/bin/../lib/gcc/arm-none-eabi/10.3.1/../../../../arm-none-eabi/lib/thumb/v7e-m+dp/hard\libc_nano.a(lib_a-readr.o)
 .ARM.attributes
                0x0000000000000957       0x32 c:/st/stm32cubeide_1.10.0/stm32cubeide/plugins/com.st.stm32cube.ide.mcu.externaltools.gnu-tools-for-stm32.10.3-2021.10.win32_1.0.200.202301161003/tools/bin/../lib/gcc/arm-none-eabi/10.3.1/../../../../arm-none-eabi/lib/thumb/v7e-m+dp/hard\libc_nano.a(lib_a-reent.o)
 .ARM.attributes
                0x0000000000000989       0x1e c:/st/stm32cubeide_1.10.0/stm32cubeide/plugins/com.st.stm32cube.ide.mcu.externaltools.gnu-tools-for-stm32.10.3-2021.10.win32_1.0.200.202301161003/tools/bin/../lib/gcc/arm-none-eabi/10.3.1/thumb/v7e-m+dp/hard/crtn.o
OUTPUT(e_display.elf elf32-littlearm)
LOAD linker stubs
LOAD c:/st/stm32cubeide_1.10.0/stm32cubeide/plugins/com.st.stm32cube.ide.mcu.externaltools.gnu-tools-for-stm32.10.3-2021.10.win32_1.0.200.202301161003/tools/bin/../lib/gcc/arm-none-eabi/10.3.1/../../../../arm-none-eabi/lib/thumb/v7e-m+dp/hard\libc.a
LOAD c:/st/stm32cubeide_1.10.0/stm32cubeide/plugins/com.st.stm32cube.ide.mcu.externaltools.gnu-tools-for-stm32.10.3-2021.10.win32_1.0.200.202301161003/tools/bin/../lib/gcc/arm-none-eabi/10.3.1/../../../../arm-none-eabi/lib/thumb/v7e-m+dp/hard\libm.a
LOAD c:/st/stm32cubeide_1.10.0/stm32cubeide/plugins/com.st.stm32cube.ide.mcu.externaltools.gnu-tools-for-stm32.10.3-2021.10.win32_1.0.200.202301161003/tools/bin/../lib/gcc/arm-none-eabi/10.3.1/thumb/v7e-m+dp/hard\libgcc.a

.debug_info     0x0000000000000000     0xd2e2
 .debug_info    0x0000000000000000      0x968 ./Core/Src/DEV_Config.o
 .debug_info    0x0000000000000968      0x4d6 ./Core/Src/EPD_2in9.o
 .debug_info    0x0000000000000e3e      0x1c4 ./Core/Src/EPD_2in9_1_test.o
 .debug_info    0x0000000000001002      0x857 ./Core/Src/ImageData.o
 .debug_info    0x0000000000001859      0xa4f ./Core/Src/gpio.o
 .debug_info    0x00000000000022a8      0x6ff ./Core/Src/main.o
 .debug_info    0x00000000000029a7     0x10e0 ./Core/Src/spi.o
 .debug_info    0x0000000000003a87      0x4a4 ./Core/Src/stm32h7xx_hal_msp.o
 .debug_info    0x0000000000003f2b      0x174 ./Core/Src/stm32h7xx_it.o
 .debug_info    0x000000000000409f      0x6e0 ./Core/Src/syscalls.o
 .debug_info    0x000000000000477f      0x171 ./Core/Src/sysmem.o
 .debug_info    0x00000000000048f0      0xd07 ./Core/Src/system_stm32h7xx.o
 .debug_info    0x00000000000055f7       0x22 ./Core/Startup/startup_stm32h743zitx.o
 .debug_info    0x0000000000005619     0x15d7 ./Drivers/STM32H7xx_HAL_Driver/Src/stm32h7xx_hal.o
 .debug_info    0x0000000000006bf0     0x116d ./Drivers/STM32H7xx_HAL_Driver/Src/stm32h7xx_hal_cortex.o
 .debug_info    0x0000000000007d5d      0xd28 ./Drivers/STM32H7xx_HAL_Driver/Src/stm32h7xx_hal_gpio.o
 .debug_info    0x0000000000008a85     0x109d ./Drivers/STM32H7xx_HAL_Driver/Src/stm32h7xx_hal_pwr_ex.o
 .debug_info    0x0000000000009b22      0xf4b ./Drivers/STM32H7xx_HAL_Driver/Src/stm32h7xx_hal_rcc.o
 .debug_info    0x000000000000aa6d     0x12d9 ./Drivers/STM32H7xx_HAL_Driver/Src/stm32h7xx_hal_rcc_ex.o
 .debug_info    0x000000000000bd46     0x159c ./Drivers/STM32H7xx_HAL_Driver/Src/stm32h7xx_hal_spi.o

.debug_abbrev   0x0000000000000000     0x22ae
 .debug_abbrev  0x0000000000000000      0x1cb ./Core/Src/DEV_Config.o
 .debug_abbrev  0x00000000000001cb      0x261 ./Core/Src/EPD_2in9.o
 .debug_abbrev  0x000000000000042c       0xff ./Core/Src/EPD_2in9_1_test.o
 .debug_abbrev  0x000000000000052b       0x89 ./Core/Src/ImageData.o
 .debug_abbrev  0x00000000000005b4      0x16f ./Core/Src/gpio.o
 .debug_abbrev  0x0000000000000723      0x261 ./Core/Src/main.o
 .debug_abbrev  0x0000000000000984      0x207 ./Core/Src/spi.o
 .debug_abbrev  0x0000000000000b8b       0xda ./Core/Src/stm32h7xx_hal_msp.o
 .debug_abbrev  0x0000000000000c65       0x9f ./Core/Src/stm32h7xx_it.o
 .debug_abbrev  0x0000000000000d04      0x1b3 ./Core/Src/syscalls.o
 .debug_abbrev  0x0000000000000eb7       0xbb ./Core/Src/sysmem.o
 .debug_abbrev  0x0000000000000f72      0x147 ./Core/Src/system_stm32h7xx.o
 .debug_abbrev  0x00000000000010b9       0x12 ./Core/Startup/startup_stm32h743zitx.o
 .debug_abbrev  0x00000000000010cb      0x289 ./Drivers/STM32H7xx_HAL_Driver/Src/stm32h7xx_hal.o
 .debug_abbrev  0x0000000000001354      0x329 ./Drivers/STM32H7xx_HAL_Driver/Src/stm32h7xx_hal_cortex.o
 .debug_abbrev  0x000000000000167d      0x1ec ./Drivers/STM32H7xx_HAL_Driver/Src/stm32h7xx_hal_gpio.o
 .debug_abbrev  0x0000000000001869      0x28f ./Drivers/STM32H7xx_HAL_Driver/Src/stm32h7xx_hal_pwr_ex.o
 .debug_abbrev  0x0000000000001af8      0x2b8 ./Drivers/STM32H7xx_HAL_Driver/Src/stm32h7xx_hal_rcc.o
 .debug_abbrev  0x0000000000001db0      0x25c ./Drivers/STM32H7xx_HAL_Driver/Src/stm32h7xx_hal_rcc_ex.o
 .debug_abbrev  0x000000000000200c      0x2a2 ./Drivers/STM32H7xx_HAL_Driver/Src/stm32h7xx_hal_spi.o

.debug_aranges  0x0000000000000000      0xa98
 .debug_aranges
                0x0000000000000000       0x30 ./Core/Src/DEV_Config.o
 .debug_aranges
                0x0000000000000030       0x70 ./Core/Src/EPD_2in9.o
 .debug_aranges
                0x00000000000000a0       0x28 ./Core/Src/EPD_2in9_1_test.o
 .debug_aranges
                0x00000000000000c8       0x18 ./Core/Src/ImageData.o
 .debug_aranges
                0x00000000000000e0       0x20 ./Core/Src/gpio.o
 .debug_aranges
                0x0000000000000100       0x38 ./Core/Src/main.o
 .debug_aranges
                0x0000000000000138       0x30 ./Core/Src/spi.o
 .debug_aranges
                0x0000000000000168       0x20 ./Core/Src/stm32h7xx_hal_msp.o
 .debug_aranges
                0x0000000000000188       0x68 ./Core/Src/stm32h7xx_it.o
 .debug_aranges
                0x00000000000001f0       0xa8 ./Core/Src/syscalls.o
 .debug_aranges
                0x0000000000000298       0x20 ./Core/Src/sysmem.o
 .debug_aranges
                0x00000000000002b8       0x28 ./Core/Src/system_stm32h7xx.o
 .debug_aranges
                0x00000000000002e0       0x28 ./Core/Startup/startup_stm32h743zitx.o
 .debug_aranges
                0x0000000000000308      0x198 ./Drivers/STM32H7xx_HAL_Driver/Src/stm32h7xx_hal.o
 .debug_aranges
                0x00000000000004a0      0x120 ./Drivers/STM32H7xx_HAL_Driver/Src/stm32h7xx_hal_cortex.o
 .debug_aranges
                0x00000000000005c0       0x58 ./Drivers/STM32H7xx_HAL_Driver/Src/stm32h7xx_hal_gpio.o
 .debug_aranges
                0x0000000000000618      0x158 ./Drivers/STM32H7xx_HAL_Driver/Src/stm32h7xx_hal_pwr_ex.o
 .debug_aranges
                0x0000000000000770       0x88 ./Drivers/STM32H7xx_HAL_Driver/Src/stm32h7xx_hal_rcc.o
 .debug_aranges
                0x00000000000007f8       0xf8 ./Drivers/STM32H7xx_HAL_Driver/Src/stm32h7xx_hal_rcc_ex.o
 .debug_aranges
                0x00000000000008f0      0x1a8 ./Drivers/STM32H7xx_HAL_Driver/Src/stm32h7xx_hal_spi.o

.debug_ranges   0x0000000000000000      0x958
 .debug_ranges  0x0000000000000000       0x20 ./Core/Src/DEV_Config.o
 .debug_ranges  0x0000000000000020       0x60 ./Core/Src/EPD_2in9.o
 .debug_ranges  0x0000000000000080       0x18 ./Core/Src/EPD_2in9_1_test.o
 .debug_ranges  0x0000000000000098       0x10 ./Core/Src/gpio.o
 .debug_ranges  0x00000000000000a8       0x28 ./Core/Src/main.o
 .debug_ranges  0x00000000000000d0       0x20 ./Core/Src/spi.o
 .debug_ranges  0x00000000000000f0       0x10 ./Core/Src/stm32h7xx_hal_msp.o
 .debug_ranges  0x0000000000000100       0x58 ./Core/Src/stm32h7xx_it.o
 .debug_ranges  0x0000000000000158       0x98 ./Core/Src/syscalls.o
 .debug_ranges  0x00000000000001f0       0x10 ./Core/Src/sysmem.o
 .debug_ranges  0x0000000000000200       0x18 ./Core/Src/system_stm32h7xx.o
 .debug_ranges  0x0000000000000218       0x20 ./Core/Startup/startup_stm32h743zitx.o
 .debug_ranges  0x0000000000000238      0x188 ./Drivers/STM32H7xx_HAL_Driver/Src/stm32h7xx_hal.o
 .debug_ranges  0x00000000000003c0      0x110 ./Drivers/STM32H7xx_HAL_Driver/Src/stm32h7xx_hal_cortex.o
 .debug_ranges  0x00000000000004d0       0x48 ./Drivers/STM32H7xx_HAL_Driver/Src/stm32h7xx_hal_gpio.o
 .debug_ranges  0x0000000000000518      0x148 ./Drivers/STM32H7xx_HAL_Driver/Src/stm32h7xx_hal_pwr_ex.o
 .debug_ranges  0x0000000000000660       0x78 ./Drivers/STM32H7xx_HAL_Driver/Src/stm32h7xx_hal_rcc.o
 .debug_ranges  0x00000000000006d8       0xe8 ./Drivers/STM32H7xx_HAL_Driver/Src/stm32h7xx_hal_rcc_ex.o
 .debug_ranges  0x00000000000007c0      0x198 ./Drivers/STM32H7xx_HAL_Driver/Src/stm32h7xx_hal_spi.o

.debug_macro    0x0000000000000000    0x3772b
 .debug_macro   0x0000000000000000      0x382 ./Core/Src/DEV_Config.o
 .debug_macro   0x0000000000000382      0xa90 ./Core/Src/DEV_Config.o
 .debug_macro   0x0000000000000e12      0x232 ./Core/Src/DEV_Config.o
 .debug_macro   0x0000000000001044       0x2e ./Core/Src/DEV_Config.o
 .debug_macro   0x0000000000001072       0x3b ./Core/Src/DEV_Config.o
 .debug_macro   0x00000000000010ad       0x22 ./Core/Src/DEV_Config.o
 .debug_macro   0x00000000000010cf       0x8e ./Core/Src/DEV_Config.o
 .debug_macro   0x000000000000115d       0x51 ./Core/Src/DEV_Config.o
 .debug_macro   0x00000000000011ae      0x103 ./Core/Src/DEV_Config.o
 .debug_macro   0x00000000000012b1       0x6a ./Core/Src/DEV_Config.o
 .debug_macro   0x000000000000131b      0x1df ./Core/Src/DEV_Config.o
 .debug_macro   0x00000000000014fa       0x1c ./Core/Src/DEV_Config.o
 .debug_macro   0x0000000000001516       0x22 ./Core/Src/DEV_Config.o
 .debug_macro   0x0000000000001538       0xfb ./Core/Src/DEV_Config.o
 .debug_macro   0x0000000000001633     0x1305 ./Core/Src/DEV_Config.o
 .debug_macro   0x0000000000002938      0x11f ./Core/Src/DEV_Config.o
 .debug_macro   0x0000000000002a57       0x27 ./Core/Src/DEV_Config.o
 .debug_macro   0x0000000000002a7e    0x25882 ./Core/Src/DEV_Config.o
 .debug_macro   0x0000000000028300       0x6d ./Core/Src/DEV_Config.o
 .debug_macro   0x000000000002836d     0x3d5d ./Core/Src/DEV_Config.o
 .debug_macro   0x000000000002c0ca      0x174 ./Core/Src/DEV_Config.o
 .debug_macro   0x000000000002c23e       0x52 ./Core/Src/DEV_Config.o
 .debug_macro   0x000000000002c290       0x1d ./Core/Src/DEV_Config.o
 .debug_macro   0x000000000002c2ad       0x3c ./Core/Src/DEV_Config.o
 .debug_macro   0x000000000002c2e9       0x34 ./Core/Src/DEV_Config.o
 .debug_macro   0x000000000002c31d       0x16 ./Core/Src/DEV_Config.o
 .debug_macro   0x000000000002c333       0x43 ./Core/Src/DEV_Config.o
 .debug_macro   0x000000000002c376       0x34 ./Core/Src/DEV_Config.o
 .debug_macro   0x000000000002c3aa       0x10 ./Core/Src/DEV_Config.o
 .debug_macro   0x000000000002c3ba       0x58 ./Core/Src/DEV_Config.o
 .debug_macro   0x000000000002c412       0x71 ./Core/Src/DEV_Config.o
 .debug_macro   0x000000000002c483       0x1c ./Core/Src/DEV_Config.o
 .debug_macro   0x000000000002c49f      0x12a ./Core/Src/DEV_Config.o
 .debug_macro   0x000000000002c5c9      0x341 ./Core/Src/DEV_Config.o
 .debug_macro   0x000000000002c90a      0x19b ./Core/Src/DEV_Config.o
 .debug_macro   0x000000000002caa5       0x5d ./Core/Src/DEV_Config.o
 .debug_macro   0x000000000002cb02     0x2382 ./Core/Src/DEV_Config.o
 .debug_macro   0x000000000002ee84     0x102c ./Core/Src/DEV_Config.o
 .debug_macro   0x000000000002feb0      0x154 ./Core/Src/DEV_Config.o
 .debug_macro   0x0000000000030004      0x115 ./Core/Src/DEV_Config.o
 .debug_macro   0x0000000000030119      0x3b2 ./Core/Src/DEV_Config.o
 .debug_macro   0x00000000000304cb       0xac ./Core/Src/DEV_Config.o
 .debug_macro   0x0000000000030577      0x72d ./Core/Src/DEV_Config.o
 .debug_macro   0x0000000000030ca4      0x228 ./Core/Src/DEV_Config.o
 .debug_macro   0x0000000000030ecc       0x66 ./Core/Src/DEV_Config.o
 .debug_macro   0x0000000000030f32      0x3bb ./Core/Src/DEV_Config.o
 .debug_macro   0x00000000000312ed      0x3e4 ./Core/Src/DEV_Config.o
 .debug_macro   0x00000000000316d1      0x275 ./Core/Src/DEV_Config.o
 .debug_macro   0x0000000000031946      0x3ca ./Core/Src/DEV_Config.o
 .debug_macro   0x0000000000031d10      0x408 ./Core/Src/DEV_Config.o
 .debug_macro   0x0000000000032118       0x51 ./Core/Src/DEV_Config.o
 .debug_macro   0x0000000000032169       0x4a ./Core/Src/DEV_Config.o
 .debug_macro   0x00000000000321b3      0x22c ./Core/Src/DEV_Config.o
 .debug_macro   0x00000000000323df       0x67 ./Core/Src/DEV_Config.o
 .debug_macro   0x0000000000032446       0xa5 ./Core/Src/DEV_Config.o
 .debug_macro   0x00000000000324eb      0x1c4 ./Core/Src/DEV_Config.o
 .debug_macro   0x00000000000326af      0x25e ./Core/Src/DEV_Config.o
 .debug_macro   0x000000000003290d       0x35 ./Core/Src/DEV_Config.o
 .debug_macro   0x0000000000032942      0x5e4 ./Core/Src/DEV_Config.o
 .debug_macro   0x0000000000032f26       0xba ./Core/Src/DEV_Config.o
 .debug_macro   0x0000000000032fe0      0x5a0 ./Core/Src/DEV_Config.o
 .debug_macro   0x0000000000033580       0x1c ./Core/Src/DEV_Config.o
 .debug_macro   0x000000000003359c       0x35 ./Core/Src/DEV_Config.o
 .debug_macro   0x00000000000335d1       0x10 ./Core/Src/DEV_Config.o
 .debug_macro   0x00000000000335e1       0x10 ./Core/Src/DEV_Config.o
 .debug_macro   0x00000000000335f1       0x1c ./Core/Src/DEV_Config.o
 .debug_macro   0x000000000003360d       0x52 ./Core/Src/DEV_Config.o
 .debug_macro   0x000000000003365f       0x22 ./Core/Src/DEV_Config.o
 .debug_macro   0x0000000000033681       0x10 ./Core/Src/DEV_Config.o
 .debug_macro   0x0000000000033691       0x52 ./Core/Src/DEV_Config.o
 .debug_macro   0x00000000000336e3       0xd5 ./Core/Src/DEV_Config.o
 .debug_macro   0x00000000000337b8       0x1c ./Core/Src/DEV_Config.o
 .debug_macro   0x00000000000337d4       0x3d ./Core/Src/DEV_Config.o
 .debug_macro   0x0000000000033811       0x16 ./Core/Src/DEV_Config.o
 .debug_macro   0x0000000000033827      0x145 ./Core/Src/DEV_Config.o
 .debug_macro   0x000000000003396c       0x16 ./Core/Src/DEV_Config.o
 .debug_macro   0x0000000000033982       0x40 ./Core/Src/DEV_Config.o
 .debug_macro   0x00000000000339c2      0x390 ./Core/Src/EPD_2in9.o
 .debug_macro   0x0000000000033d52       0x1c ./Core/Src/EPD_2in9.o
 .debug_macro   0x0000000000033d6e       0x16 ./Core/Src/EPD_2in9.o
 .debug_macro   0x0000000000033d84      0x3f4 ./Core/Src/EPD_2in9_1_test.o
 .debug_macro   0x0000000000034178       0x1c ./Core/Src/EPD_2in9_1_test.o
 .debug_macro   0x0000000000034194       0x78 ./Core/Src/EPD_2in9_1_test.o
 .debug_macro   0x000000000003420c       0x16 ./Core/Src/EPD_2in9_1_test.o
 .debug_macro   0x0000000000034222       0x16 ./Core/Src/EPD_2in9_1_test.o
 .debug_macro   0x0000000000034238       0x29 ./Core/Src/EPD_2in9_1_test.o
 .debug_macro   0x0000000000034261       0x1b ./Core/Src/ImageData.o
 .debug_macro   0x000000000003427c      0x373 ./Core/Src/gpio.o
 .debug_macro   0x00000000000345ef      0x408 ./Core/Src/main.o
 .debug_macro   0x00000000000349f7       0x46 ./Core/Src/main.o
 .debug_macro   0x0000000000034a3d      0x373 ./Core/Src/spi.o
 .debug_macro   0x0000000000034db0      0x369 ./Core/Src/stm32h7xx_hal_msp.o
 .debug_macro   0x0000000000035119      0x373 ./Core/Src/stm32h7xx_it.o
 .debug_macro   0x000000000003548c      0x24c ./Core/Src/syscalls.o
 .debug_macro   0x00000000000356d8       0x4c ./Core/Src/syscalls.o
 .debug_macro   0x0000000000035724       0x94 ./Core/Src/syscalls.o
 .debug_macro   0x00000000000357b8       0x57 ./Core/Src/syscalls.o
 .debug_macro   0x000000000003580f       0x10 ./Core/Src/syscalls.o
 .debug_macro   0x000000000003581f       0x10 ./Core/Src/syscalls.o
 .debug_macro   0x000000000003582f       0x10 ./Core/Src/syscalls.o
 .debug_macro   0x000000000003583f       0x35 ./Core/Src/syscalls.o
 .debug_macro   0x0000000000035874      0x12c ./Core/Src/syscalls.o
 .debug_macro   0x00000000000359a0       0x10 ./Core/Src/syscalls.o
 .debug_macro   0x00000000000359b0      0x241 ./Core/Src/syscalls.o
 .debug_macro   0x0000000000035bf1       0x10 ./Core/Src/syscalls.o
 .debug_macro   0x0000000000035c01      0x189 ./Core/Src/syscalls.o
 .debug_macro   0x0000000000035d8a       0x16 ./Core/Src/syscalls.o
 .debug_macro   0x0000000000035da0       0xce ./Core/Src/syscalls.o
 .debug_macro   0x0000000000035e6e       0xff ./Core/Src/sysmem.o
 .debug_macro   0x0000000000035f6d      0x23b ./Core/Src/sysmem.o
 .debug_macro   0x00000000000361a8      0x299 ./Core/Src/system_stm32h7xx.o
 .debug_macro   0x0000000000036441      0x2c3 ./Drivers/STM32H7xx_HAL_Driver/Src/stm32h7xx_hal.o
 .debug_macro   0x0000000000036704      0x299 ./Drivers/STM32H7xx_HAL_Driver/Src/stm32h7xx_hal_cortex.o
 .debug_macro   0x000000000003699d      0x2a0 ./Drivers/STM32H7xx_HAL_Driver/Src/stm32h7xx_hal_gpio.o
 .debug_macro   0x0000000000036c3d      0x2d2 ./Drivers/STM32H7xx_HAL_Driver/Src/stm32h7xx_hal_pwr_ex.o
 .debug_macro   0x0000000000036f0f      0x2bd ./Drivers/STM32H7xx_HAL_Driver/Src/stm32h7xx_hal_rcc.o
 .debug_macro   0x00000000000371cc      0x2b7 ./Drivers/STM32H7xx_HAL_Driver/Src/stm32h7xx_hal_rcc_ex.o
 .debug_macro   0x0000000000037483      0x2a8 ./Drivers/STM32H7xx_HAL_Driver/Src/stm32h7xx_hal_spi.o

.debug_line     0x0000000000000000     0xea8d
 .debug_line    0x0000000000000000      0x925 ./Core/Src/DEV_Config.o
 .debug_line    0x0000000000000925      0xb07 ./Core/Src/EPD_2in9.o
 .debug_line    0x000000000000142c      0x97d ./Core/Src/EPD_2in9_1_test.o
 .debug_line    0x0000000000001da9       0x53 ./Core/Src/ImageData.o
 .debug_line    0x0000000000001dfc      0x90a ./Core/Src/gpio.o
 .debug_line    0x0000000000002706      0xa21 ./Core/Src/main.o
 .debug_line    0x0000000000003127      0x986 ./Core/Src/spi.o
 .debug_line    0x0000000000003aad      0x8d4 ./Core/Src/stm32h7xx_hal_msp.o
 .debug_line    0x0000000000004381      0x9b0 ./Core/Src/stm32h7xx_it.o
 .debug_line    0x0000000000004d31      0x7fe ./Core/Src/syscalls.o
 .debug_line    0x000000000000552f      0x4f4 ./Core/Src/sysmem.o
 .debug_line    0x0000000000005a23      0x9d2 ./Core/Src/system_stm32h7xx.o
 .debug_line    0x00000000000063f5       0x88 ./Core/Startup/startup_stm32h743zitx.o
 .debug_line    0x000000000000647d      0xdd0 ./Drivers/STM32H7xx_HAL_Driver/Src/stm32h7xx_hal.o
 .debug_line    0x000000000000724d      0xdd6 ./Drivers/STM32H7xx_HAL_Driver/Src/stm32h7xx_hal_cortex.o
 .debug_line    0x0000000000008023      0xc93 ./Drivers/STM32H7xx_HAL_Driver/Src/stm32h7xx_hal_gpio.o
 .debug_line    0x0000000000008cb6      0xeea ./Drivers/STM32H7xx_HAL_Driver/Src/stm32h7xx_hal_pwr_ex.o
 .debug_line    0x0000000000009ba0     0x13a0 ./Drivers/STM32H7xx_HAL_Driver/Src/stm32h7xx_hal_rcc.o
 .debug_line    0x000000000000af40     0x1c6e ./Drivers/STM32H7xx_HAL_Driver/Src/stm32h7xx_hal_rcc_ex.o
 .debug_line    0x000000000000cbae     0x1edf ./Drivers/STM32H7xx_HAL_Driver/Src/stm32h7xx_hal_spi.o

.debug_str      0x0000000000000000   0x155106
 .debug_str     0x0000000000000000   0x14fc7e ./Core/Src/DEV_Config.o
                                     0x150133 (size before relaxing)
 .debug_str     0x000000000014fc7e      0x1fc ./Core/Src/EPD_2in9.o
                                     0x14fcba (size before relaxing)
 .debug_str     0x000000000014fe7a      0x30a ./Core/Src/EPD_2in9_1_test.o
                                     0x14fe02 (size before relaxing)
 .debug_str     0x0000000000150184      0x2e7 ./Core/Src/ImageData.o
                                       0x3068 (size before relaxing)
 .debug_str     0x000000000015046b      0xa51 ./Core/Src/gpio.o
                                     0x150414 (size before relaxing)
 .debug_str     0x0000000000150ebc      0x303 ./Core/Src/main.o
                                     0x1500e9 (size before relaxing)
 .debug_str     0x00000000001511bf      0x37b ./Core/Src/spi.o
                                     0x15056e (size before relaxing)
 .debug_str     0x000000000015153a       0x2c ./Core/Src/stm32h7xx_hal_msp.o
                                     0x14fafa (size before relaxing)
 .debug_str     0x0000000000151566       0xf7 ./Core/Src/stm32h7xx_it.o
                                     0x14f99b (size before relaxing)
 .debug_str     0x000000000015165d     0x167b ./Core/Src/syscalls.o
                                       0x8ab6 (size before relaxing)
 .debug_str     0x0000000000152cd8       0x6b ./Core/Src/sysmem.o
                                       0x5df2 (size before relaxing)
 .debug_str     0x0000000000152d43      0x344 ./Core/Src/system_stm32h7xx.o
                                     0x14ee24 (size before relaxing)
 .debug_str     0x0000000000153087       0x73 ./Core/Startup/startup_stm32h743zitx.o
 .debug_str     0x00000000001530fa      0x7ea ./Drivers/STM32H7xx_HAL_Driver/Src/stm32h7xx_hal.o
                                     0x14fd3a (size before relaxing)
 .debug_str     0x00000000001538e4      0x347 ./Drivers/STM32H7xx_HAL_Driver/Src/stm32h7xx_hal_cortex.o
                                     0x14f73d (size before relaxing)
 .debug_str     0x0000000000153c2b       0xb0 ./Drivers/STM32H7xx_HAL_Driver/Src/stm32h7xx_hal_gpio.o
                                     0x14eddb (size before relaxing)
 .debug_str     0x0000000000153cdb      0x642 ./Drivers/STM32H7xx_HAL_Driver/Src/stm32h7xx_hal_pwr_ex.o
                                     0x14f29c (size before relaxing)
 .debug_str     0x000000000015431d      0x22e ./Drivers/STM32H7xx_HAL_Driver/Src/stm32h7xx_hal_rcc.o
                                     0x14f1bf (size before relaxing)