../Core/Src/EPD_2in9.c:102:13:EPD_2IN9_Reset	8	static
../Core/Src/EPD_2in9.c:117:13:EPD_2IN9_SendCommand	16	static
../Core/Src/EPD_2in9.c:130:13:EPD_2IN9_SendData	16	static
../Core/Src/EPD_2in9.c:142:6:EPD_2IN9_ReadBusy	8	static
../Core/Src/EPD_2in9.c:155:13:EPD_2IN9_SetWindows	24	static
../Core/Src/EPD_2in9.c:172:13:EPD_2IN9_SetCursor	16	static
../Core/Src/EPD_2in9.c:186:13:EPD_2IN9_TurnOnDisplay	8	static
../Core/Src/EPD_2in9.c:201:6:EPD_2IN9_Init	24	static
../Core/Src/EPD_2in9.c:248:6:EPD_2IN9_Clear	16	static
../Core/Src/EPD_2in9.c:268:6:EPD_2IN9_Display	32	static
../Core/Src/EPD_2in9.c:295:6:EPD_2IN9_Sleep	8	static
